Archive member included to satisfy reference by file (symbol)

C:/ST/STM32CubeCLT_1.18.0/GNU-tools-for-STM32/bin/../lib/gcc/arm-none-eabi/13.3.1/../../../../arm-none-eabi/lib/thumb/v7e-m+fp/hard\libc_nano.a(libc_a-exit.o)
                              C:/ST/STM32CubeCLT_1.18.0/GNU-tools-for-STM32/bin/../lib/gcc/arm-none-eabi/13.3.1/../../../../arm-none-eabi/lib/thumb/v7e-m+fp/hard/crt0.o (exit)
C:/ST/STM32CubeCLT_1.18.0/GNU-tools-for-STM32/bin/../lib/gcc/arm-none-eabi/13.3.1/../../../../arm-none-eabi/lib/thumb/v7e-m+fp/hard\libc_nano.a(libc_a-findfp.o)
                              C:/ST/STM32CubeCLT_1.18.0/GNU-tools-for-STM32/bin/../lib/gcc/arm-none-eabi/13.3.1/../../../../arm-none-eabi/lib/thumb/v7e-m+fp/hard\libc_nano.a(libc_a-exit.o) (__stdio_exit_handler)
C:/ST/STM32CubeCLT_1.18.0/GNU-tools-for-STM32/bin/../lib/gcc/arm-none-eabi/13.3.1/../../../../arm-none-eabi/lib/thumb/v7e-m+fp/hard\libc_nano.a(libc_a-fwalk.o)
                              C:/ST/STM32CubeCLT_1.18.0/GNU-tools-for-STM32/bin/../lib/gcc/arm-none-eabi/13.3.1/../../../../arm-none-eabi/lib/thumb/v7e-m+fp/hard\libc_nano.a(libc_a-findfp.o) (_fwalk_sglue)
C:/ST/STM32CubeCLT_1.18.0/GNU-tools-for-STM32/bin/../lib/gcc/arm-none-eabi/13.3.1/../../../../arm-none-eabi/lib/thumb/v7e-m+fp/hard\libc_nano.a(libc_a-stdio.o)
                              C:/ST/STM32CubeCLT_1.18.0/GNU-tools-for-STM32/bin/../lib/gcc/arm-none-eabi/13.3.1/../../../../arm-none-eabi/lib/thumb/v7e-m+fp/hard\libc_nano.a(libc_a-findfp.o) (__sread)
C:/ST/STM32CubeCLT_1.18.0/GNU-tools-for-STM32/bin/../lib/gcc/arm-none-eabi/13.3.1/../../../../arm-none-eabi/lib/thumb/v7e-m+fp/hard\libc_nano.a(libc_a-memset.o)
                              C:/ST/STM32CubeCLT_1.18.0/GNU-tools-for-STM32/bin/../lib/gcc/arm-none-eabi/13.3.1/../../../../arm-none-eabi/lib/thumb/v7e-m+fp/hard/crt0.o (memset)
C:/ST/STM32CubeCLT_1.18.0/GNU-tools-for-STM32/bin/../lib/gcc/arm-none-eabi/13.3.1/../../../../arm-none-eabi/lib/thumb/v7e-m+fp/hard\libc_nano.a(libc_a-closer.o)
                              C:/ST/STM32CubeCLT_1.18.0/GNU-tools-for-STM32/bin/../lib/gcc/arm-none-eabi/13.3.1/../../../../arm-none-eabi/lib/thumb/v7e-m+fp/hard\libc_nano.a(libc_a-stdio.o) (_close_r)
C:/ST/STM32CubeCLT_1.18.0/GNU-tools-for-STM32/bin/../lib/gcc/arm-none-eabi/13.3.1/../../../../arm-none-eabi/lib/thumb/v7e-m+fp/hard\libc_nano.a(libc_a-reent.o)
                              C:/ST/STM32CubeCLT_1.18.0/GNU-tools-for-STM32/bin/../lib/gcc/arm-none-eabi/13.3.1/../../../../arm-none-eabi/lib/thumb/v7e-m+fp/hard\libc_nano.a(libc_a-closer.o) (errno)
C:/ST/STM32CubeCLT_1.18.0/GNU-tools-for-STM32/bin/../lib/gcc/arm-none-eabi/13.3.1/../../../../arm-none-eabi/lib/thumb/v7e-m+fp/hard\libc_nano.a(libc_a-impure.o)
                              C:/ST/STM32CubeCLT_1.18.0/GNU-tools-for-STM32/bin/../lib/gcc/arm-none-eabi/13.3.1/../../../../arm-none-eabi/lib/thumb/v7e-m+fp/hard\libc_nano.a(libc_a-reent.o) (_impure_ptr)
C:/ST/STM32CubeCLT_1.18.0/GNU-tools-for-STM32/bin/../lib/gcc/arm-none-eabi/13.3.1/../../../../arm-none-eabi/lib/thumb/v7e-m+fp/hard\libc_nano.a(libc_a-lseekr.o)
                              C:/ST/STM32CubeCLT_1.18.0/GNU-tools-for-STM32/bin/../lib/gcc/arm-none-eabi/13.3.1/../../../../arm-none-eabi/lib/thumb/v7e-m+fp/hard\libc_nano.a(libc_a-stdio.o) (_lseek_r)
C:/ST/STM32CubeCLT_1.18.0/GNU-tools-for-STM32/bin/../lib/gcc/arm-none-eabi/13.3.1/../../../../arm-none-eabi/lib/thumb/v7e-m+fp/hard\libc_nano.a(libc_a-readr.o)
                              C:/ST/STM32CubeCLT_1.18.0/GNU-tools-for-STM32/bin/../lib/gcc/arm-none-eabi/13.3.1/../../../../arm-none-eabi/lib/thumb/v7e-m+fp/hard\libc_nano.a(libc_a-stdio.o) (_read_r)
C:/ST/STM32CubeCLT_1.18.0/GNU-tools-for-STM32/bin/../lib/gcc/arm-none-eabi/13.3.1/../../../../arm-none-eabi/lib/thumb/v7e-m+fp/hard\libc_nano.a(libc_a-writer.o)
                              C:/ST/STM32CubeCLT_1.18.0/GNU-tools-for-STM32/bin/../lib/gcc/arm-none-eabi/13.3.1/../../../../arm-none-eabi/lib/thumb/v7e-m+fp/hard\libc_nano.a(libc_a-stdio.o) (_write_r)
C:/ST/STM32CubeCLT_1.18.0/GNU-tools-for-STM32/bin/../lib/gcc/arm-none-eabi/13.3.1/../../../../arm-none-eabi/lib/thumb/v7e-m+fp/hard\libc_nano.a(libc_a-init.o)
                              C:/ST/STM32CubeCLT_1.18.0/GNU-tools-for-STM32/bin/../lib/gcc/arm-none-eabi/13.3.1/../../../../arm-none-eabi/lib/thumb/v7e-m+fp/hard/crt0.o (__libc_init_array)
C:/ST/STM32CubeCLT_1.18.0/GNU-tools-for-STM32/bin/../lib/gcc/arm-none-eabi/13.3.1/../../../../arm-none-eabi/lib/thumb/v7e-m+fp/hard\libc_nano.a(libc_a-lock.o)
                              C:/ST/STM32CubeCLT_1.18.0/GNU-tools-for-STM32/bin/../lib/gcc/arm-none-eabi/13.3.1/../../../../arm-none-eabi/lib/thumb/v7e-m+fp/hard\libc_nano.a(libc_a-findfp.o) (__retarget_lock_init_recursive)
C:/ST/STM32CubeCLT_1.18.0/GNU-tools-for-STM32/bin/../lib/gcc/arm-none-eabi/13.3.1/../../../../arm-none-eabi/lib/thumb/v7e-m+fp/hard\libc_nano.a(libc_a-freer.o)
[...]
Memory Configuration

Name             Origin             Length             Attributes
RAM              0x20000000         0x00008000         xrw
RAM2             0x10000000         0x00002000         xrw
FLASH            0x08000000         0x00010000         xr
*default*        0x00000000         0xffffffff

Linker script and memory map

LOAD C:/ST/STM32CubeCLT_1.18.0/GNU-tools-for-STM32/bin/../lib/gcc/arm-none-eabi/13.3.1/thumb/v7e-m+fp/hard/crti.o
LOAD C:/ST/STM32CubeCLT_1.18.0/GNU-tools-for-STM32/bin/../lib/gcc/arm-none-eabi/13.3.1/thumb/v7e-m+fp/hard/crtbegin.o
LOAD C:/ST/STM32CubeCLT_1.18.0/GNU-tools-for-STM32/bin/../lib/gcc/arm-none-eabi/13.3.1/../../../../arm-none-eabi/lib/thumb/v7e-m+fp/hard/crt0.o
START GROUP
LOAD C:/ST/STM32CubeCLT_1.18.0/GNU-tools-for-STM32/bin/../lib/gcc/arm-none-eabi/13.3.1/../../../../arm-none-eabi/lib/thumb/v7e-m+fp/hard\libc_nano.a
LOAD C:/ST/STM32CubeCLT_1.18.0/GNU-tools-for-STM32/bin/../lib/gcc/arm-none-eabi/13.3.1/../../../../arm-none-eabi/lib/thumb/v7e-m+fp/hard\libm.a
END GROUP
LOAD cmake/stm32cubemx/CMakeFiles/STM32_Drivers.dir/__/__/Core/Src/system_stm32l4xx.c.obj
LOAD cmake/stm32cubemx/CMakeFiles/STM32_Drivers.dir/__/__/Drivers/STM32L4xx_HAL_Driver/Src/stm32l4xx_hal_tim.c.obj
LOAD cmake/stm32cubemx/CMakeFiles/STM32_Drivers.dir/__/__/Drivers/STM32L4xx_HAL_Driver/Src/stm32l4xx_hal_tim_ex.c.obj
LOAD cmake/stm32cubemx/CMakeFiles/STM32_Drivers.dir/__/__/Drivers/STM32L4xx_HAL_Driver/Src/stm32l4xx_hal_adc.c.obj
LOAD cmake/stm32cubemx/CMakeFiles/STM32_Drivers.dir/__/__/Drivers/STM32L4xx_HAL_Driver/Src/stm32l4xx_hal_adc_ex.c.obj
LOAD cmake/stm32cubemx/CMakeFiles/STM32_Drivers.dir/__/__/Drivers/STM32L4xx_HAL_Driver/Src/stm32l4xx_hal.c.obj
LOAD cmake/stm32cubemx/CMakeFiles/STM32_Drivers.dir/__/__/Drivers/STM32L4xx_HAL_Driver/Src/stm32l4xx_hal_rcc.c.obj
LOAD cmake/stm32cubemx/CMakeFiles/STM32_Drivers.dir/__/__/Drivers/STM32L4xx_HAL_Driver/Src/stm32l4xx_hal_rcc_ex.c.obj
LOAD cmake/stm32cubemx/CMakeFiles/STM32_Drivers.dir/__/__/Drivers/STM32L4xx_HAL_Driver/Src/stm32l4xx_hal_flash.c.obj
LOAD cmake/stm32cubemx/CMakeFiles/STM32_Drivers.dir/__/__/Drivers/STM32L4xx_HAL_Driver/Src/stm32l4xx_hal_flash_ex.c.obj
LOAD cmake/stm32cubemx/CMakeFiles/STM32_Drivers.dir/__/__/Drivers/STM32L4xx_HAL_Driver/Src/stm32l4xx_hal_flash_ramfunc.c.obj
LOAD cmake/stm32cubemx/CMakeFiles/STM32_Drivers.dir/__/__/Drivers/STM32L4xx_HAL_Driver/Src/stm32l4xx_hal_gpio.c.obj
LOAD cmake/stm32cubemx/CMakeFiles/STM32_Drivers.dir/__/__/Drivers/STM32L4xx_HAL_Driver/Src/stm32l4xx_hal_i2c.c.obj
LOAD cmake/stm32cubemx/CMakeFiles/STM32_Drivers.dir/__/__/Drivers/STM32L4xx_HAL_Driver/Src/stm32l4xx_hal_i2c_ex.c.obj
LOAD cmake/stm32cubemx/CMakeFiles/STM32_Drivers.dir/__/__/Drivers/STM32L4xx_HAL_Driver/Src/stm32l4xx_hal_dma.c.obj
LOAD cmake/stm32cubemx/CMakeFiles/STM32_Drivers.dir/__/__/Drivers/STM32L4xx_HAL_Driver/Src/stm32l4xx_hal_dma_ex.c.obj
LOAD cmake/stm32cubemx/CMakeFiles/STM32_Drivers.dir/__/__/Drivers/STM32L4xx_HAL_Driver/Src/stm32l4xx_hal_pwr.c.obj
LOAD cmake/stm32cubemx/CMakeFiles/STM32_Drivers.dir/__/__/Drivers/STM32L4xx_HAL_Driver/Src/stm32l4xx_hal_pwr_ex.c.obj
LOAD cmake/stm32cubemx/CMakeFiles/STM32_Drivers.dir/__/__/Drivers/STM32L4xx_HAL_Driver/Src/stm32l4xx_hal_cortex.c.obj
LOAD cmake/stm32cubemx/CMakeFiles/STM32_Drivers.dir/__/__/Drivers/STM32L4xx_HAL_Driver/Src/stm32l4xx_hal_exti.c.obj
LOAD cmake/stm32cubemx/CMakeFiles/STM32_Drivers.dir/__/__/Drivers/STM32L4xx_HAL_Driver/Src/stm32l4xx_hal_spi.c.obj
LOAD cmake/stm32cubemx/CMakeFiles/STM32_Drivers.dir/__/__/Drivers/STM32L4xx_HAL_Driver/Src/stm32l4xx_hal_spi_ex.c.obj
LOAD cmake/stm32cubemx/CMakeFiles/STM32_Drivers.dir/__/__/Drivers/STM32L4xx_HAL_Driver/Src/stm32l4xx_hal_uart.c.obj
LOAD cmake/stm32cubemx/CMakeFiles/STM32_Drivers.dir/__/__/Drivers/STM32L4xx_HAL_Driver/Src/stm32l4xx_hal_uart_ex.c.obj
LOAD cmake/stm32cubemx/CMakeFiles/FreeRTOS.dir/__/__/Middlewares/Third_Party/FreeRTOS/Source/croutine.c.obj
LOAD cmake/stm32cubemx/CMakeFiles/FreeRTOS.dir/__/__/Middlewares/Third_Party/FreeRTOS/Source/event_groups.c.obj
LOAD cmake/stm32cubemx/CMakeFiles/FreeRTOS.dir/__/__/Middlewares/Third_Party/FreeRTOS/Source/list.c.obj
LOAD cmake/stm32cubemx/CMakeFiles/FreeRTOS.dir/__/__/Middlewares/Third_Party/FreeRTOS/Source/queue.c.obj
LOAD cmake/stm32cubemx/CMakeFiles/FreeRTOS.dir/__/__/Middlewares/Third_Party/FreeRTOS/Source/stream_buffer.c.obj
LOAD cmake/stm32cubemx/CMakeFiles/FreeRTOS.dir/__/__/Middlewares/Third_Party/FreeRTOS/Source/tasks.c.obj
LOAD cmake/stm32cubemx/CMakeFiles/FreeRTOS.dir/__/__/Middlewares/Third_Party/FreeRTOS/Source/timers.c.obj
LOAD cmake/stm32cubemx/CMakeFiles/FreeRTOS.dir/__/__/Middlewares/Third_Party/FreeRTOS/Source/CMSIS_RTOS_V2/cmsis_os2.c.obj
LOAD cmake/stm32cubemx/CMakeFiles/FreeRTOS.dir/__/__/Middlewares/Third_Party/FreeRTOS/Source/portable/MemMang/heap_4.c.obj
LOAD cmake/stm32cubemx/CMakeFiles/FreeRTOS.dir/__/__/Middlewares/Third_Party/FreeRTOS/Source/portable/GCC/ARM_CM4F/port.c.obj
LOAD CMakeFiles/OnBoardCtrl_FW.dir/Core/Src/main.c.obj
LOAD CMakeFiles/OnBoardCtrl_FW.dir/Core/Src/freertos.c.obj
LOAD CMakeFiles/OnBoardCtrl_FW.dir/Core/Src/stm32l4xx_it.c.obj
LOAD CMakeFiles/OnBoardCtrl_FW.dir/Core/Src/stm32l4xx_hal_msp.c.obj
LOAD CMakeFiles/OnBoardCtrl_FW.dir/Core/Src/stm32l4xx_hal_timebase_tim.c.obj
LOAD CMakeFiles/OnBoardCtrl_FW.dir/Core/Src/sysmem.c.obj
LOAD CMakeFiles/OnBoardCtrl_FW.dir/Core/Src/syscalls.c.obj
LOAD CMakeFiles/OnBoardCtrl_FW.dir/startup_stm32l412xx.s.obj
LOAD CMakeFiles/OnBoardCtrl_FW.dir/App/Common/Fonts/font12.c.obj
LOAD CMakeFiles/OnBoardCtrl_FW.dir/App/Common/Fonts/font12CN.c.obj
LOAD CMakeFiles/OnBoardCtrl_FW.dir/App/Common/Fonts/font24.c.obj
LOAD CMakeFiles/OnBoardCtrl_FW.dir/App/Common/Fonts/font24CN.c.obj
LOAD CMakeFiles/OnBoardCtrl_FW.dir/App/Common/Fonts/fontIcon16.c.obj
LOAD CMakeFiles/OnBoardCtrl_FW.dir/App/Common/Src/OLED/DEV_Config.c.obj
LOAD CMakeFiles/OnBoardCtrl_FW.dir/App/Common/Src/OLED/GUI_Paint.c.obj
LOAD CMakeFiles/OnBoardCtrl_FW.dir/App/Common/Src/OLED/ImageData.c.obj
LOAD CMakeFiles/OnBoardCtrl_FW.dir/App/Common/Src/OLED/OLED_1in3_c.c.obj
LOAD CMakeFiles/OnBoardCtrl_FW.dir/App/Common/Src/OLED/OLED_1in3_c_test.c.obj
LOAD CMakeFiles/OnBoardCtrl_FW.dir/App/Common/Src/OLED/visol.c.obj
LOAD CMakeFiles/OnBoardCtrl_FW.dir/App/Hw/hw.c.obj
START GROUP
LOAD C:/ST/STM32CubeCLT_1.18.0/GNU-tools-for-STM32/bin/../lib/gcc/arm-none-eabi/13.3.1/thumb/v7e-m+fp/hard\libgcc.a
LOAD C:/ST/STM32CubeCLT_1.18.0/GNU-tools-for-STM32/bin/../lib/gcc/arm-none-eabi/13.3.1/../../../../arm-none-eabi/lib/thumb/v7e-m+fp/hard\libg_nano.a
LOAD C:/ST/STM32CubeCLT_1.18.0/GNU-tools-for-STM32/bin/../lib/gcc/arm-none-eabi/13.3.1/../../../../arm-none-eabi/lib/thumb/v7e-m+fp/hard\libc_nano.a
END GROUP
START GROUP
LOAD C:/ST/STM32CubeCLT_1.18.0/GNU-tools-for-STM32/bin/../lib/gcc/arm-none-eabi/13.3.1/thumb/v7e-m+fp/hard\libgcc.a
LOAD C:/ST/STM32CubeCLT_1.18.0/GNU-tools-for-STM32/bin/../lib/gcc/arm-none-eabi/13.3.1/../../../../arm-none-eabi/lib/thumb/v7e-m+fp/hard\libc_nano.a
END GROUP
LOAD C:/ST/STM32CubeCLT_1.18.0/GNU-tools-for-STM32/bin/../lib/gcc/arm-none-eabi/13.3.1/thumb/v7e-m+fp/hard/crtend.o
LOAD C:/ST/STM32CubeCLT_1.18.0/GNU-tools-for-STM32/bin/../lib/gcc/arm-none-eabi/13.3.1/thumb/v7e-m+fp/hard/crtn.o
                0x20008000                        _estack = (ORIGIN (RAM) + LENGTH (RAM))
                0x00000200                        _Min_Heap_Size = 0x200
                0x00000400                        _Min_Stack_Size = 0x400

.isr_vector     0x08000000      0x190
                0x08000000                        . = ALIGN (0x8)
 *(.isr_vector)
 .isr_vector    0x08000000      0x18c CMakeFiles/OnBoardCtrl_FW.dir/startup_stm32l412xx.s.obj
                0x08000000                g_pfnVectors
                0x08000190                        . = ALIGN (0x8)
 *fill*         0x0800018c        0x4 

.text           0x08000190     0xc0d0
                0x08000190                        . = ALIGN (0x8)
 *(.text)
 .text          0x08000190       0x40 C:/ST/STM32CubeCLT_1.18.0/GNU-tools-for-STM32/bin/../lib/gcc/arm-none-eabi/13.3.1/thumb/v7e-m+fp/hard/crtbegin.o
 .text          0x080001d0       0x30 C:/ST/STM32CubeCLT_1.18.0/GNU-tools-for-STM32/bin/../lib/gcc/arm-none-eabi/13.3.1/thumb/v7e-m+fp/hard\libgcc.a(_aeabi_uldivmod.o)
                0x080001d0                __aeabi_uldivmod
 .text          0x08000200      0x2f8 C:/ST/STM32CubeCLT_1.18.0/GNU-tools-for-STM32/bin/../lib/gcc/arm-none-eabi/13.3.1/thumb/v7e-m+fp/hard\libgcc.a(_udivmoddi4.o)
                0x08000200                __udivmoddi4
 .text          0x080004f8        0x4 C:/ST/STM32CubeCLT_1.18.0/GNU-tools-for-STM32/bin/../lib/gcc/arm-none-eabi/13.3.1/thumb/v7e-m+fp/hard\libgcc.a(_dvmd_tls.o)
                0x080004f8                __aeabi_idiv0
                0x080004f8                __aeabi_ldiv0
 *fill*         0x080004fc        0x4 
 .text          0x08000500       0xa0 C:/ST/STM32CubeCLT_1.18.0/GNU-tools-for-STM32/bin/../lib/gcc/arm-none-eabi/13.3.1/../../../../arm-none-eabi/lib/thumb/v7e-m+fp/hard\libg_nano.a(libc_a-memchr.o)
                0x08000500                memchr
 *(.text*)
 .text.memset   0x080005a0       0x10 C:/ST/STM32CubeCLT_1.18.0/GNU-tools-for-STM32/bin/../lib/gcc/arm-none-eabi/13.3.1/../../../../arm-none-eabi/lib/thumb/v7e-m+fp/hard\libc_nano.a(libc_a-memset.o)
                0x080005a0                memset
 .text._reclaim_reent
                0x080005b0       0xbc C:/ST/STM32CubeCLT_1.18.0/GNU-tools-for-STM32/bin/../lib/gcc/arm-none-eabi/13.3.1/../../../../arm-none-eabi/lib/thumb/v7e-m+fp/hard\libc_nano.a(libc_a-reent.o)
                0x080005b0                _reclaim_reent
 .text.__libc_init_array
                0x0800066c       0x48 C:/ST/STM32CubeCLT_1.18.0/GNU-tools-for-STM32/bin/../lib/gcc/arm-none-eabi/13.3.1/../../../../arm-none-eabi/lib/thumb/v7e-m+fp/hard\libc_nano.a(libc_a-init.o)
                0x0800066c                __libc_init_array
 .text.__retarget_lock_acquire_recursive
                0x080006b4        0x2 C:/ST/STM32CubeCLT_1.18.0/GNU-tools-for-STM32/bin/../lib/gcc/arm-none-eabi/13.3.1/../../../../arm-none-eabi/lib/thumb/v7e-m+fp/hard\libc_nano.a(libc_a-lock.o)
                0x080006b4                __retarget_lock_acquire_recursive
 .text.__retarget_lock_release_recursive
                0x080006b6        0x2 C:/ST/STM32CubeCLT_1.18.0/GNU-tools-for-STM32/bin/../lib/gcc/arm-none-eabi/13.3.1/../../../../arm-none-eabi/lib/thumb/v7e-m+fp/hard\libc_nano.a(libc_a-lock.o)
                0x080006b6                __retarget_lock_release_recursive
 .text._free_r  0x080006b8       0x94 C:/ST/STM32CubeCLT_1.18.0/GNU-tools-for-STM32/bin/../lib/gcc/arm-none-eabi/13.3.1/../../../../arm-none-eabi/lib/thumb/v7e-m+fp/hard\libc_nano.a(libc_a-freer.o)
                0x080006b8                _free_r
 .text.sbrk_aligned
                0x0800074c       0x44 C:/ST/STM32CubeCLT_1.18.0/GNU-tools-for-STM32/bin/../lib/gcc/arm-none-eabi/13.3.1/../../../../arm-none-eabi/lib/thumb/v7e-m+fp/hard\libc_nano.a(libc_a-mallocr.o)
 .text._malloc_r
                0x08000790      0x100 C:/ST/STM32CubeCLT_1.18.0/GNU-tools-for-STM32/bin/../lib/gcc/arm-none-eabi/13.3.1/../../../../arm-none-eabi/lib/thumb/v7e-m+fp/hard\libc_nano.a(libc_a-mallocr.o)
                0x08000790                _malloc_r
 .text.__malloc_lock
                0x08000890        0xc C:/ST/STM32CubeCLT_1.18.0/GNU-tools-for-STM32/bin/../lib/gcc/arm-none-eabi/13.3.1/../../../../arm-none-eabi/lib/thumb/v7e-m+fp/hard\libc_nano.a(libc_a-mlock.o)
                0x08000890                __malloc_lock
 .text.__malloc_unlock
                0x0800089c        0xc C:/ST/STM32CubeCLT_1.18.0/GNU-tools-for-STM32/bin/../lib/gcc/arm-none-eabi/13.3.1/../../../../arm-none-eabi/lib/thumb/v7e-m+fp/hard\libc_nano.a(libc_a-mlock.o)
                0x0800089c                __malloc_unlock
 .text._sbrk_r  0x080008a8       0x20 C:/ST/STM32CubeCLT_1.18.0/GNU-tools-for-STM32/bin/../lib/gcc/arm-none-eabi/13.3.1/../../../../arm-none-eabi/lib/thumb/v7e-m+fp/hard\libc_nano.a(libc_a-sbrkr.o)
                0x080008a8                _sbrk_r
 .text.SystemInit
                0x080008c8       0x24 cmake/stm32cubemx/CMakeFiles/STM32_Drivers.dir/__/__/Core/Src/system_stm32l4xx.c.obj
                0x080008c8                SystemInit
 .text.HAL_TIM_Base_Init
                0x080008ec       0xae cmake/stm32cubemx/CMakeFiles/STM32_Drivers.dir/__/__/Drivers/STM32L4xx_HAL_Driver/Src/stm32l4xx_hal_tim.c.obj
                0x080008ec                HAL_TIM_Base_Init
 .text.HAL_TIM_Base_MspInit
                0x0800099a       0x14 cmake/stm32cubemx/CMakeFiles/STM32_Drivers.dir/__/__/Drivers/STM32L4xx_HAL_Driver/Src/stm32l4xx_hal_tim.c.obj
                0x0800099a                HAL_TIM_Base_MspInit
 *fill*         0x080009ae        0x2 
 .text.HAL_TIM_Base_Start_IT
                0x080009b0       0xa8 cmake/stm32cubemx/CMakeFiles/STM32_Drivers.dir/__/__/Drivers/STM32L4xx_HAL_Driver/Src/stm32l4xx_hal_tim.c.obj
                0x080009b0                HAL_TIM_Base_Start_IT
 .text.HAL_TIM_PWM_Init
                0x08000a58       0xae cmake/stm32cubemx/CMakeFiles/STM32_Drivers.dir/__/__/Drivers/STM32L4xx_HAL_Driver/Src/stm32l4xx_hal_tim.c.obj
                0x08000a58                HAL_TIM_PWM_Init
 *fill*         0x08000b06        0x2 
 .text.HAL_TIM_PWM_Start
                0x08000b08      0x1bc cmake/stm32cubemx/CMakeFiles/STM32_Drivers.dir/__/__/Drivers/STM32L4xx_HAL_Driver/Src/stm32l4xx_hal_tim.c.obj
                0x08000b08                HAL_TIM_PWM_Start
 .text.HAL_TIM_IRQHandler
                0x08000cc4      0x20e cmake/stm32cubemx/CMakeFiles/STM32_Drivers.dir/__/__/Drivers/STM32L4xx_HAL_Driver/Src/stm32l4xx_hal_tim.c.obj
                0x08000cc4                HAL_TIM_IRQHandler
 *fill*         0x08000ed2        0x2 
 .text.HAL_TIM_PWM_ConfigChannel
                0x08000ed4      0x228 cmake/stm32cubemx/CMakeFiles/STM32_Drivers.dir/__/__/Drivers/STM32L4xx_HAL_Driver/Src/stm32l4xx_hal_tim.c.obj
                0x08000ed4                HAL_TIM_PWM_ConfigChannel
 .text.HAL_TIM_OC_DelayElapsedCallback
                0x080010fc       0x14 cmake/stm32cubemx/CMakeFiles/STM32_Drivers.dir/__/__/Drivers/STM32L4xx_HAL_Driver/Src/stm32l4xx_hal_tim.c.obj
                0x080010fc                HAL_TIM_OC_DelayElapsedCallback
 .text.HAL_TIM_IC_CaptureCallback
                0x08001110       0x14 cmake/stm32cubemx/CMakeFiles/STM32_Drivers.dir/__/__/Drivers/STM32L4xx_HAL_Driver/Src/stm32l4xx_hal_tim.c.obj
                0x08001110                HAL_TIM_IC_CaptureCallback
 .text.HAL_TIM_PWM_PulseFinishedCallback
                0x08001124       0x14 cmake/stm32cubemx/CMakeFiles/STM32_Drivers.dir/__/__/Drivers/STM32L4xx_HAL_Driver/Src/stm32l4xx_hal_tim.c.obj
                0x08001124                HAL_TIM_PWM_PulseFinishedCallback
 .text.HAL_TIM_TriggerCallback
                0x08001138       0x14 cmake/stm32cubemx/CMakeFiles/STM32_Drivers.dir/__/__/Drivers/STM32L4xx_HAL_Driver/Src/stm32l4xx_hal_tim.c.obj
                0x08001138                HAL_TIM_TriggerCallback
 .text.TIM_Base_SetConfig
                0x0800114c       0xe0 cmake/stm32cubemx/CMakeFiles/STM32_Drivers.dir/__/__/Drivers/STM32L4xx_HAL_Driver/Src/stm32l4xx_hal_tim.c.obj
                0x0800114c                TIM_Base_SetConfig
 .text.TIM_OC1_SetConfig
                0x0800122c       0xf8 cmake/stm32cubemx/CMakeFiles/STM32_Drivers.dir/__/__/Drivers/STM32L4xx_HAL_Driver/Src/stm32l4xx_hal_tim.c.obj
 .text.TIM_OC2_SetConfig
                0x08001324       0xf4 cmake/stm32cubemx/CMakeFiles/STM32_Drivers.dir/__/__/Drivers/STM32L4xx_HAL_Driver/Src/stm32l4xx_hal_tim.c.obj
                0x08001324                TIM_OC2_SetConfig
 .text.TIM_OC3_SetConfig
                0x08001418       0xf0 cmake/stm32cubemx/CMakeFiles/STM32_Drivers.dir/__/__/Drivers/STM32L4xx_HAL_Driver/Src/stm32l4xx_hal_tim.c.obj
 .text.TIM_OC4_SetConfig
                0x08001508       0xbc cmake/stm32cubemx/CMakeFiles/STM32_Drivers.dir/__/__/Drivers/STM32L4xx_HAL_Driver/Src/stm32l4xx_hal_tim.c.obj
 .text.TIM_OC5_SetConfig
                0x080015c4       0xb0 cmake/stm32cubemx/CMakeFiles/STM32_Drivers.dir/__/__/Drivers/STM32L4xx_HAL_Driver/Src/stm32l4xx_hal_tim.c.obj
 .text.TIM_OC6_SetConfig
                0x08001674       0xb4 cmake/stm32cubemx/CMakeFiles/STM32_Drivers.dir/__/__/Drivers/STM32L4xx_HAL_Driver/Src/stm32l4xx_hal_tim.c.obj
 .text.TIM_CCxChannelCmd
                0x08001728       0x4a cmake/stm32cubemx/CMakeFiles/STM32_Drivers.dir/__/__/Drivers/STM32L4xx_HAL_Driver/Src/stm32l4xx_hal_tim.c.obj
                0x08001728                TIM_CCxChannelCmd
 *fill*         0x08001772        0x2 
 .text.HAL_TIMEx_MasterConfigSynchronization
                0x08001774       0xcc cmake/stm32cubemx/CMakeFiles/STM32_Drivers.dir/__/__/Drivers/STM32L4xx_HAL_Driver/Src/stm32l4xx_hal_tim_ex.c.obj
                0x08001774                HAL_TIMEx_MasterConfigSynchronization
 .text.HAL_TIMEx_CommutCallback
                0x08001840       0x14 cmake/stm32cubemx/CMakeFiles/STM32_Drivers.dir/__/__/Drivers/STM32L4xx_HAL_Driver/Src/stm32l4xx_hal_tim_ex.c.obj
                0x08001840                HAL_TIMEx_CommutCallback
 .text.HAL_TIMEx_BreakCallback
                0x08001854       0x14 cmake/stm32cubemx/CMakeFiles/STM32_Drivers.dir/__/__/Drivers/STM32L4xx_HAL_Driver/Src/stm32l4xx_hal_tim_ex.c.obj
                0x08001854                HAL_TIMEx_BreakCallback
 .text.HAL_TIMEx_Break2Callback
                0x08001868       0x14 cmake/stm32cubemx/CMakeFiles/STM32_Drivers.dir/__/__/Drivers/STM32L4xx_HAL_Driver/Src/stm32l4xx_hal_tim_ex.c.obj
                0x08001868                HAL_TIMEx_Break2Callback
 .text.LL_ADC_SetCommonClock
                0x0800187c       0x26 cmake/stm32cubemx/CMakeFiles/STM32_Drivers.dir/__/__/Drivers/STM32L4xx_HAL_Driver/Src/stm32l4xx_hal_adc.c.obj
 .text.LL_ADC_SetCommonPathInternalCh
                0x080018a2       0x26 cmake/stm32cubemx/CMakeFiles/STM32_Drivers.dir/__/__/Drivers/STM32L4xx_HAL_Driver/Src/stm32l4xx_hal_adc.c.obj
 .text.LL_ADC_GetCommonPathInternalCh
                0x080018c8       0x1c cmake/stm32cubemx/CMakeFiles/STM32_Drivers.dir/__/__/Drivers/STM32L4xx_HAL_Driver/Src/stm32l4xx_hal_adc.c.obj
 .text.LL_ADC_SetOffset
                0x080018e4       0x48 cmake/stm32cubemx/CMakeFiles/STM32_Drivers.dir/__/__/Drivers/STM32L4xx_HAL_Driver/Src/stm32l4xx_hal_adc.c.obj
 .text.LL_ADC_GetOffsetChannel
                0x0800192c       0x2c cmake/stm32cubemx/CMakeFiles/STM32_Drivers.dir/__/__/Drivers/STM32L4xx_HAL_Driver/Src/stm32l4xx_hal_adc.c.obj
 .text.LL_ADC_SetOffsetState
                0x08001958       0x36 cmake/stm32cubemx/CMakeFiles/STM32_Drivers.dir/__/__/Drivers/STM32L4xx_HAL_Driver/Src/stm32l4xx_hal_adc.c.obj
 .text.LL_ADC_SetSamplingTimeCommonConfig
                0x0800198e       0x26 cmake/stm32cubemx/CMakeFiles/STM32_Drivers.dir/__/__/Drivers/STM32L4xx_HAL_Driver/Src/stm32l4xx_hal_adc.c.obj
 .text.LL_ADC_REG_IsTriggerSourceSWStart
                0x080019b4       0x26 cmake/stm32cubemx/CMakeFiles/STM32_Drivers.dir/__/__/Drivers/STM32L4xx_HAL_Driver/Src/stm32l4xx_hal_adc.c.obj
 .text.LL_ADC_REG_SetSequencerRanks
                0x080019da       0x58 cmake/stm32cubemx/CMakeFiles/STM32_Drivers.dir/__/__/Drivers/STM32L4xx_HAL_Driver/Src/stm32l4xx_hal_adc.c.obj
 .text.LL_ADC_SetChannelSamplingTime
                0x08001a32       0x56 cmake/stm32cubemx/CMakeFiles/STM32_Drivers.dir/__/__/Drivers/STM32L4xx_HAL_Driver/Src/stm32l4xx_hal_adc.c.obj
 .text.LL_ADC_SetChannelSingleDiff
                0x08001a88       0x48 cmake/stm32cubemx/CMakeFiles/STM32_Drivers.dir/__/__/Drivers/STM32L4xx_HAL_Driver/Src/stm32l4xx_hal_adc.c.obj
 .text.LL_ADC_GetMultimode
                0x08001ad0       0x1c cmake/stm32cubemx/CMakeFiles/STM32_Drivers.dir/__/__/Drivers/STM32L4xx_HAL_Driver/Src/stm32l4xx_hal_adc.c.obj
 .text.LL_ADC_GetMultiDMATransfer
                0x08001aec       0x1c cmake/stm32cubemx/CMakeFiles/STM32_Drivers.dir/__/__/Drivers/STM32L4xx_HAL_Driver/Src/stm32l4xx_hal_adc.c.obj
 .text.LL_ADC_DisableDeepPowerDown
                0x08001b08       0x24 cmake/stm32cubemx/CMakeFiles/STM32_Drivers.dir/__/__/Drivers/STM32L4xx_HAL_Driver/Src/stm32l4xx_hal_adc.c.obj
 .text.LL_ADC_IsDeepPowerDownEnabled
                0x08001b2c       0x28 cmake/stm32cubemx/CMakeFiles/STM32_Drivers.dir/__/__/Drivers/STM32L4xx_HAL_Driver/Src/stm32l4xx_hal_adc.c.obj
 .text.LL_ADC_EnableInternalRegulator
                0x08001b54       0x28 cmake/stm32cubemx/CMakeFiles/STM32_Drivers.dir/__/__/Drivers/STM32L4xx_HAL_Driver/Src/stm32l4xx_hal_adc.c.obj
 .text.LL_ADC_IsInternalRegulatorEnabled
                0x08001b7c       0x28 cmake/stm32cubemx/CMakeFiles/STM32_Drivers.dir/__/__/Drivers/STM32L4xx_HAL_Driver/Src/stm32l4xx_hal_adc.c.obj
 .text.LL_ADC_Enable
                0x08001ba4       0x28 cmake/stm32cubemx/CMakeFiles/STM32_Drivers.dir/__/__/Drivers/STM32L4xx_HAL_Driver/Src/stm32l4xx_hal_adc.c.obj
 .text.LL_ADC_Disable
                0x08001bcc       0x28 cmake/stm32cubemx/CMakeFiles/STM32_Drivers.dir/__/__/Drivers/STM32L4xx_HAL_Driver/Src/stm32l4xx_hal_adc.c.obj
 .text.LL_ADC_IsEnabled
                0x08001bf4       0x26 cmake/stm32cubemx/CMakeFiles/STM32_Drivers.dir/__/__/Drivers/STM32L4xx_HAL_Driver/Src/stm32l4xx_hal_adc.c.obj
 .text.LL_ADC_IsDisableOngoing
                0x08001c1a       0x26 cmake/stm32cubemx/CMakeFiles/STM32_Drivers.dir/__/__/Drivers/STM32L4xx_HAL_Driver/Src/stm32l4xx_hal_adc.c.obj
 .text.LL_ADC_REG_StartConversion
                0x08001c40       0x28 cmake/stm32cubemx/CMakeFiles/STM32_Drivers.dir/__/__/Drivers/STM32L4xx_HAL_Driver/Src/stm32l4xx_hal_adc.c.obj
 .text.LL_ADC_REG_StopConversion
                0x08001c68       0x28 cmake/stm32cubemx/CMakeFiles/STM32_Drivers.dir/__/__/Drivers/STM32L4xx_HAL_Driver/Src/stm32l4xx_hal_adc.c.obj
 .text.LL_ADC_REG_IsConversionOngoing
                0x08001c90       0x26 cmake/stm32cubemx/CMakeFiles/STM32_Drivers.dir/__/__/Drivers/STM32L4xx_HAL_Driver/Src/stm32l4xx_hal_adc.c.obj
 .text.LL_ADC_INJ_StopConversion
                0x08001cb6       0x28 cmake/stm32cubemx/CMakeFiles/STM32_Drivers.dir/__/__/Drivers/STM32L4xx_HAL_Driver/Src/stm32l4xx_hal_adc.c.obj
 .text.LL_ADC_INJ_IsConversionOngoing
                0x08001cde       0x26 cmake/stm32cubemx/CMakeFiles/STM32_Drivers.dir/__/__/Drivers/STM32L4xx_HAL_Driver/Src/stm32l4xx_hal_adc.c.obj
 .text.HAL_ADC_Init
                0x08001d04      0x294 cmake/stm32cubemx/CMakeFiles/STM32_Drivers.dir/__/__/Drivers/STM32L4xx_HAL_Driver/Src/stm32l4xx_hal_adc.c.obj
                0x08001d04                HAL_ADC_Init
 .text.HAL_ADC_Start
                0x08001f98      0x174 cmake/stm32cubemx/CMakeFiles/STM32_Drivers.dir/__/__/Drivers/STM32L4xx_HAL_Driver/Src/stm32l4xx_hal_adc.c.obj
                0x08001f98                HAL_ADC_Start
 .text.HAL_ADC_Stop
                0x0800210c       0x66 cmake/stm32cubemx/CMakeFiles/STM32_Drivers.dir/__/__/Drivers/STM32L4xx_HAL_Driver/Src/stm32l4xx_hal_adc.c.obj
                0x0800210c                HAL_ADC_Stop
 *fill*         0x08002172        0x2 
 .text.HAL_ADC_PollForConversion
                0x08002174      0x1b0 cmake/stm32cubemx/CMakeFiles/STM32_Drivers.dir/__/__/Drivers/STM32L4xx_HAL_Driver/Src/stm32l4xx_hal_adc.c.obj
                0x08002174                HAL_ADC_PollForConversion
 .text.HAL_ADC_GetValue
                0x08002324       0x1a cmake/stm32cubemx/CMakeFiles/STM32_Drivers.dir/__/__/Drivers/STM32L4xx_HAL_Driver/Src/stm32l4xx_hal_adc.c.obj
                0x08002324                HAL_ADC_GetValue
 *fill*         0x0800233e        0x2 
 .text.HAL_ADC_ConfigChannel
                0x08002340      0x7f8 cmake/stm32cubemx/CMakeFiles/STM32_Drivers.dir/__/__/Drivers/STM32L4xx_HAL_Driver/Src/stm32l4xx_hal_adc.c.obj
                0x08002340                HAL_ADC_ConfigChannel
 .text.ADC_ConversionStop
                0x08002b38      0x178 cmake/stm32cubemx/CMakeFiles/STM32_Drivers.dir/__/__/Drivers/STM32L4xx_HAL_Driver/Src/stm32l4xx_hal_adc.c.obj
                0x08002b38                ADC_ConversionStop
 .text.ADC_Enable
                0x08002cb0      0x10c cmake/stm32cubemx/CMakeFiles/STM32_Drivers.dir/__/__/Drivers/STM32L4xx_HAL_Driver/Src/stm32l4xx_hal_adc.c.obj
                0x08002cb0                ADC_Enable
 .text.ADC_Disable
                0x08002dbc       0xbe cmake/stm32cubemx/CMakeFiles/STM32_Drivers.dir/__/__/Drivers/STM32L4xx_HAL_Driver/Src/stm32l4xx_hal_adc.c.obj
                0x08002dbc                ADC_Disable
 .text.LL_ADC_IsEnabled
                0x08002e7a       0x26 cmake/stm32cubemx/CMakeFiles/STM32_Drivers.dir/__/__/Drivers/STM32L4xx_HAL_Driver/Src/stm32l4xx_hal_adc_ex.c.obj
 .text.LL_ADC_REG_IsConversionOngoing
                0x08002ea0       0x26 cmake/stm32cubemx/CMakeFiles/STM32_Drivers.dir/__/__/Drivers/STM32L4xx_HAL_Driver/Src/stm32l4xx_hal_adc_ex.c.obj
 *fill*         0x08002ec6        0x2 
 .text.HAL_ADCEx_MultiModeConfigChannel
                0x08002ec8      0x148 cmake/stm32cubemx/CMakeFiles/STM32_Drivers.dir/__/__/Drivers/STM32L4xx_HAL_Driver/Src/stm32l4xx_hal_adc_ex.c.obj
                0x08002ec8                HAL_ADCEx_MultiModeConfigChannel
 .text.HAL_Init
                0x08003010       0x30 cmake/stm32cubemx/CMakeFiles/STM32_Drivers.dir/__/__/Drivers/STM32L4xx_HAL_Driver/Src/stm32l4xx_hal.c.obj
                0x08003010                HAL_Init
 .text.HAL_IncTick
                0x08003040       0x28 cmake/stm32cubemx/CMakeFiles/STM32_Drivers.dir/__/__/Drivers/STM32L4xx_HAL_Driver/Src/stm32l4xx_hal.c.obj
                0x08003040                HAL_IncTick
 .text.HAL_GetTick
                0x08003068       0x18 cmake/stm32cubemx/CMakeFiles/STM32_Drivers.dir/__/__/Drivers/STM32L4xx_HAL_Driver/Src/stm32l4xx_hal.c.obj
                0x08003068                HAL_GetTick
 .text.HAL_Delay
                0x08003080       0x48 cmake/stm32cubemx/CMakeFiles/STM32_Drivers.dir/__/__/Drivers/STM32L4xx_HAL_Driver/Src/stm32l4xx_hal.c.obj
                0x08003080                HAL_Delay
 .text.HAL_RCC_OscConfig
                0x080030c8      0x8c4 cmake/stm32cubemx/CMakeFiles/STM32_Drivers.dir/__/__/Drivers/STM32L4xx_HAL_Driver/Src/stm32l4xx_hal_rcc.c.obj
                0x080030c8                HAL_RCC_OscConfig
 .text.HAL_RCC_ClockConfig
                0x0800398c      0x200 cmake/stm32cubemx/CMakeFiles/STM32_Drivers.dir/__/__/Drivers/STM32L4xx_HAL_Driver/Src/stm32l4xx_hal_rcc.c.obj
                0x0800398c                HAL_RCC_ClockConfig
 .text.HAL_RCC_GetSysClockFreq
                0x08003b8c      0x118 cmake/stm32cubemx/CMakeFiles/STM32_Drivers.dir/__/__/Drivers/STM32L4xx_HAL_Driver/Src/stm32l4xx_hal_rcc.c.obj
                0x08003b8c                HAL_RCC_GetSysClockFreq
 .text.HAL_RCC_GetHCLKFreq
                0x08003ca4       0x18 cmake/stm32cubemx/CMakeFiles/STM32_Drivers.dir/__/__/Drivers/STM32L4xx_HAL_Driver/Src/stm32l4xx_hal_rcc.c.obj
                0x08003ca4                HAL_RCC_GetHCLKFreq
 .text.HAL_RCC_GetPCLK1Freq
                0x08003cbc       0x2c cmake/stm32cubemx/CMakeFiles/STM32_Drivers.dir/__/__/Drivers/STM32L4xx_HAL_Driver/Src/stm32l4xx_hal_rcc.c.obj
                0x08003cbc                HAL_RCC_GetPCLK1Freq
 .text.HAL_RCC_GetPCLK2Freq
                0x08003ce8       0x2c cmake/stm32cubemx/CMakeFiles/STM32_Drivers.dir/__/__/Drivers/STM32L4xx_HAL_Driver/Src/stm32l4xx_hal_rcc.c.obj
                0x08003ce8                HAL_RCC_GetPCLK2Freq
 .text.HAL_RCC_GetClockConfig
                0x08003d14       0x64 cmake/stm32cubemx/CMakeFiles/STM32_Drivers.dir/__/__/Drivers/STM32L4xx_HAL_Driver/Src/stm32l4xx_hal_rcc.c.obj
                0x08003d14                HAL_RCC_GetClockConfig
 .text.RCC_SetFlashLatencyFromMSIRange
                0x08003d78       0xc0 cmake/stm32cubemx/CMakeFiles/STM32_Drivers.dir/__/__/Drivers/STM32L4xx_HAL_Driver/Src/stm32l4xx_hal_rcc.c.obj
 .text.HAL_RCCEx_PeriphCLKConfig
                0x08003e38      0x30c cmake/stm32cubemx/CMakeFiles/STM32_Drivers.dir/__/__/Drivers/STM32L4xx_HAL_Driver/Src/stm32l4xx_hal_rcc_ex.c.obj
                0x08003e38                HAL_RCCEx_PeriphCLKConfig
 .text.HAL_GPIO_Init
                0x08004144      0x2e4 cmake/stm32cubemx/CMakeFiles/STM32_Drivers.dir/__/__/Drivers/STM32L4xx_HAL_Driver/Src/stm32l4xx_hal_gpio.c.obj
                0x08004144                HAL_GPIO_Init
 .text.HAL_GPIO_ReadPin
                0x08004428       0x30 cmake/stm32cubemx/CMakeFiles/STM32_Drivers.dir/__/__/Drivers/STM32L4xx_HAL_Driver/Src/stm32l4xx_hal_gpio.c.obj
                0x08004428                HAL_GPIO_ReadPin
 .text.HAL_GPIO_WritePin
                0x08004458       0x30 cmake/stm32cubemx/CMakeFiles/STM32_Drivers.dir/__/__/Drivers/STM32L4xx_HAL_Driver/Src/stm32l4xx_hal_gpio.c.obj
                0x08004458                HAL_GPIO_WritePin
 .text.HAL_GPIO_TogglePin
                0x08004488       0x34 cmake/stm32cubemx/CMakeFiles/STM32_Drivers.dir/__/__/Drivers/STM32L4xx_HAL_Driver/Src/stm32l4xx_hal_gpio.c.obj
                0x08004488                HAL_GPIO_TogglePin
 .text.HAL_DMA_Abort
                0x080044bc       0x7c cmake/stm32cubemx/CMakeFiles/STM32_Drivers.dir/__/__/Drivers/STM32L4xx_HAL_Driver/Src/stm32l4xx_hal_dma.c.obj
                0x080044bc                HAL_DMA_Abort
 .text.HAL_DMA_Abort_IT
                0x08004538       0x82 cmake/stm32cubemx/CMakeFiles/STM32_Drivers.dir/__/__/Drivers/STM32L4xx_HAL_Driver/Src/stm32l4xx_hal_dma.c.obj
                0x08004538                HAL_DMA_Abort_IT
 *fill*         0x080045ba        0x2 
 .text.HAL_PWREx_GetVoltageRange
                0x080045bc       0x1c cmake/stm32cubemx/CMakeFiles/STM32_Drivers.dir/__/__/Drivers/STM32L4xx_HAL_Driver/Src/stm32l4xx_hal_pwr_ex.c.obj
                0x080045bc                HAL_PWREx_GetVoltageRange
 .text.HAL_PWREx_ControlVoltageScaling
                0x080045d8       0xac cmake/stm32cubemx/CMakeFiles/STM32_Drivers.dir/__/__/Drivers/STM32L4xx_HAL_Driver/Src/stm32l4xx_hal_pwr_ex.c.obj
                0x080045d8                HAL_PWREx_ControlVoltageScaling
 .text.__NVIC_SetPriorityGrouping
                0x08004684       0x48 cmake/stm32cubemx/CMakeFiles/STM32_Drivers.dir/__/__/Drivers/STM32L4xx_HAL_Driver/Src/stm32l4xx_hal_cortex.c.obj
 .text.__NVIC_GetPriorityGrouping
                0x080046cc       0x1c cmake/stm32cubemx/CMakeFiles/STM32_Drivers.dir/__/__/Drivers/STM32L4xx_HAL_Driver/Src/stm32l4xx_hal_cortex.c.obj
 .text.__NVIC_EnableIRQ
                0x080046e8       0x3c cmake/stm32cubemx/CMakeFiles/STM32_Drivers.dir/__/__/Drivers/STM32L4xx_HAL_Driver/Src/stm32l4xx_hal_cortex.c.obj
 .text.__NVIC_SetPriority
                0x08004724       0x54 cmake/stm32cubemx/CMakeFiles/STM32_Drivers.dir/__/__/Drivers/STM32L4xx_HAL_Driver/Src/stm32l4xx_hal_cortex.c.obj
 .text.NVIC_EncodePriority
                0x08004778       0x66 cmake/stm32cubemx/CMakeFiles/STM32_Drivers.dir/__/__/Drivers/STM32L4xx_HAL_Driver/Src/stm32l4xx_hal_cortex.c.obj
 .text.HAL_NVIC_SetPriorityGrouping
                0x080047de       0x16 cmake/stm32cubemx/CMakeFiles/STM32_Drivers.dir/__/__/Drivers/STM32L4xx_HAL_Driver/Src/stm32l4xx_hal_cortex.c.obj
                0x080047de                HAL_NVIC_SetPriorityGrouping
 .text.HAL_NVIC_SetPriority
                0x080047f4       0x38 cmake/stm32cubemx/CMakeFiles/STM32_Drivers.dir/__/__/Drivers/STM32L4xx_HAL_Driver/Src/stm32l4xx_hal_cortex.c.obj
                0x080047f4                HAL_NVIC_SetPriority
 .text.HAL_NVIC_EnableIRQ
                0x0800482c       0x1c cmake/stm32cubemx/CMakeFiles/STM32_Drivers.dir/__/__/Drivers/STM32L4xx_HAL_Driver/Src/stm32l4xx_hal_cortex.c.obj
                0x0800482c                HAL_NVIC_EnableIRQ
 .text.HAL_SPI_Init
                0x08004848      0x146 cmake/stm32cubemx/CMakeFiles/STM32_Drivers.dir/__/__/Drivers/STM32L4xx_HAL_Driver/Src/stm32l4xx_hal_spi.c.obj
                0x08004848                HAL_SPI_Init
 .text.HAL_SPI_Transmit
                0x0800498e      0x2ec cmake/stm32cubemx/CMakeFiles/STM32_Drivers.dir/__/__/Drivers/STM32L4xx_HAL_Driver/Src/stm32l4xx_hal_spi.c.obj
                0x0800498e                HAL_SPI_Transmit
 *fill*         0x08004c7a        0x2 
 .text.SPI_WaitFlagStateUntilTimeout
                0x08004c7c      0x110 cmake/stm32cubemx/CMakeFiles/STM32_Drivers.dir/__/__/Drivers/STM32L4xx_HAL_Driver/Src/stm32l4xx_hal_spi.c.obj
 .text.SPI_WaitFifoStateUntilTimeout
                0x08004d8c      0x12c cmake/stm32cubemx/CMakeFiles/STM32_Drivers.dir/__/__/Drivers/STM32L4xx_HAL_Driver/Src/stm32l4xx_hal_spi.c.obj
 .text.SPI_EndRxTxTransaction
                0x08004eb8       0x8c cmake/stm32cubemx/CMakeFiles/STM32_Drivers.dir/__/__/Drivers/STM32L4xx_HAL_Driver/Src/stm32l4xx_hal_spi.c.obj
 .text.HAL_UART_Init
                0x08004f44       0x9c cmake/stm32cubemx/CMakeFiles/STM32_Drivers.dir/__/__/Drivers/STM32L4xx_HAL_Driver/Src/stm32l4xx_hal_uart.c.obj
                0x08004f44                HAL_UART_Init
 .text.HAL_UART_IRQHandler
                0x08004fe0      0x60c cmake/stm32cubemx/CMakeFiles/STM32_Drivers.dir/__/__/Drivers/STM32L4xx_HAL_Driver/Src/stm32l4xx_hal_uart.c.obj
                0x08004fe0                HAL_UART_IRQHandler
 .text.HAL_UART_TxCpltCallback
                0x080055ec       0x14 cmake/stm32cubemx/CMakeFiles/STM32_Drivers.dir/__/__/Drivers/STM32L4xx_HAL_Driver/Src/stm32l4xx_hal_uart.c.obj
                0x080055ec                HAL_UART_TxCpltCallback
 .text.HAL_UART_ErrorCallback
                0x08005600       0x14 cmake/stm32cubemx/CMakeFiles/STM32_Drivers.dir/__/__/Drivers/STM32L4xx_HAL_Driver/Src/stm32l4xx_hal_uart.c.obj
                0x08005600                HAL_UART_ErrorCallback
 .text.HAL_UARTEx_RxEventCallback
                0x08005614       0x18 cmake/stm32cubemx/CMakeFiles/STM32_Drivers.dir/__/__/Drivers/STM32L4xx_HAL_Driver/Src/stm32l4xx_hal_uart.c.obj
                0x08005614                HAL_UARTEx_RxEventCallback
 .text.UART_SetConfig
                0x0800562c      0x4b4 cmake/stm32cubemx/CMakeFiles/STM32_Drivers.dir/__/__/Drivers/STM32L4xx_HAL_Driver/Src/stm32l4xx_hal_uart.c.obj
                0x0800562c                UART_SetConfig
 .text.UART_AdvFeatureConfig
                0x08005ae0      0x144 cmake/stm32cubemx/CMakeFiles/STM32_Drivers.dir/__/__/Drivers/STM32L4xx_HAL_Driver/Src/stm32l4xx_hal_uart.c.obj
                0x08005ae0                UART_AdvFeatureConfig
 .text.UART_CheckIdleState
                0x08005c24      0x150 cmake/stm32cubemx/CMakeFiles/STM32_Drivers.dir/__/__/Drivers/STM32L4xx_HAL_Driver/Src/stm32l4xx_hal_uart.c.obj
                0x08005c24                UART_CheckIdleState
 .text.UART_WaitOnFlagUntilTimeout
                0x08005d74       0xda cmake/stm32cubemx/CMakeFiles/STM32_Drivers.dir/__/__/Drivers/STM32L4xx_HAL_Driver/Src/stm32l4xx_hal_uart.c.obj
                0x08005d74                UART_WaitOnFlagUntilTimeout
 .text.UART_EndRxTransfer
                0x08005e4e       0xc8 cmake/stm32cubemx/CMakeFiles/STM32_Drivers.dir/__/__/Drivers/STM32L4xx_HAL_Driver/Src/stm32l4xx_hal_uart.c.obj
 .text.UART_DMAAbortOnError
                0x08005f16       0x2c cmake/stm32cubemx/CMakeFiles/STM32_Drivers.dir/__/__/Drivers/STM32L4xx_HAL_Driver/Src/stm32l4xx_hal_uart.c.obj
 .text.UART_EndTransmit_IT
                0x08005f42       0x54 cmake/stm32cubemx/CMakeFiles/STM32_Drivers.dir/__/__/Drivers/STM32L4xx_HAL_Driver/Src/stm32l4xx_hal_uart.c.obj
 .text.HAL_UARTEx_WakeupCallback
                0x08005f96       0x14 cmake/stm32cubemx/CMakeFiles/STM32_Drivers.dir/__/__/Drivers/STM32L4xx_HAL_Driver/Src/stm32l4xx_hal_uart_ex.c.obj
                0x08005f96                HAL_UARTEx_WakeupCallback
 .text.xEventGroupCreateStatic
                0x08005faa       0x72 cmake/stm32cubemx/CMakeFiles/FreeRTOS.dir/__/__/Middlewares/Third_Party/FreeRTOS/Source/event_groups.c.obj
                0x08005faa                xEventGroupCreateStatic
 .text.xEventGroupCreate
                0x0800601c       0x34 cmake/stm32cubemx/CMakeFiles/FreeRTOS.dir/__/__/Middlewares/Third_Party/FreeRTOS/Source/event_groups.c.obj
                0x0800601c                xEventGroupCreate
 .text.vListInitialise
                0x08006050       0x40 cmake/stm32cubemx/CMakeFiles/FreeRTOS.dir/__/__/Middlewares/Third_Party/FreeRTOS/Source/list.c.obj
                0x08006050                vListInitialise
 .text.vListInitialiseItem
                0x08006090       0x1a cmake/stm32cubemx/CMakeFiles/FreeRTOS.dir/__/__/Middlewares/Third_Party/FreeRTOS/Source/list.c.obj
                0x08006090                vListInitialiseItem
 .text.vListInsertEnd
                0x080060aa       0x48 cmake/stm32cubemx/CMakeFiles/FreeRTOS.dir/__/__/Middlewares/Third_Party/FreeRTOS/Source/list.c.obj
                0x080060aa                vListInsertEnd
 .text.vListInsert
                0x080060f2       0x72 cmake/stm32cubemx/CMakeFiles/FreeRTOS.dir/__/__/Middlewares/Third_Party/FreeRTOS/Source/list.c.obj
                0x080060f2                vListInsert
 .text.uxListRemove
                0x08006164       0x54 cmake/stm32cubemx/CMakeFiles/FreeRTOS.dir/__/__/Middlewares/Third_Party/FreeRTOS/Source/list.c.obj
                0x08006164                uxListRemove
 .text.xQueueGenericReset
                0x080061b8       0xd4 cmake/stm32cubemx/CMakeFiles/FreeRTOS.dir/__/__/Middlewares/Third_Party/FreeRTOS/Source/queue.c.obj
                0x080061b8                xQueueGenericReset
 .text.xQueueGenericCreateStatic
                0x0800628c       0xfa cmake/stm32cubemx/CMakeFiles/FreeRTOS.dir/__/__/Middlewares/Third_Party/FreeRTOS/Source/queue.c.obj
                0x0800628c                xQueueGenericCreateStatic
 .text.prvInitialiseNewQueue
                0x08006386       0x46 cmake/stm32cubemx/CMakeFiles/FreeRTOS.dir/__/__/Middlewares/Third_Party/FreeRTOS/Source/queue.c.obj
 .text.xQueueGenericSend
                0x080063cc      0x204 cmake/stm32cubemx/CMakeFiles/FreeRTOS.dir/__/__/Middlewares/Third_Party/FreeRTOS/Source/queue.c.obj
                0x080063cc                xQueueGenericSend
 .text.xQueueGenericSendFromISR
                0x080065d0      0x13c cmake/stm32cubemx/CMakeFiles/FreeRTOS.dir/__/__/Middlewares/Third_Party/FreeRTOS/Source/queue.c.obj
                0x080065d0                xQueueGenericSendFromISR
 .text.xQueueReceive
                0x0800670c      0x1c4 cmake/stm32cubemx/CMakeFiles/FreeRTOS.dir/__/__/Middlewares/Third_Party/FreeRTOS/Source/queue.c.obj
                0x0800670c                xQueueReceive
 .text.prvCopyDataToQueue
                0x080068d0       0xd4 cmake/stm32cubemx/CMakeFiles/FreeRTOS.dir/__/__/Middlewares/Third_Party/FreeRTOS/Source/queue.c.obj
 .text.prvCopyDataFromQueue
                0x080069a4       0x4c cmake/stm32cubemx/CMakeFiles/FreeRTOS.dir/__/__/Middlewares/Third_Party/FreeRTOS/Source/queue.c.obj
 .text.prvUnlockQueue
                0x080069f0       0xa4 cmake/stm32cubemx/CMakeFiles/FreeRTOS.dir/__/__/Middlewares/Third_Party/FreeRTOS/Source/queue.c.obj
 .text.prvIsQueueEmpty
                0x08006a94       0x2c cmake/stm32cubemx/CMakeFiles/FreeRTOS.dir/__/__/Middlewares/Third_Party/FreeRTOS/Source/queue.c.obj
 .text.prvIsQueueFull
                0x08006ac0       0x30 cmake/stm32cubemx/CMakeFiles/FreeRTOS.dir/__/__/Middlewares/Third_Party/FreeRTOS/Source/queue.c.obj
 .text.vQueueAddToRegistry
                0x08006af0       0x54 cmake/stm32cubemx/CMakeFiles/FreeRTOS.dir/__/__/Middlewares/Third_Party/FreeRTOS/Source/queue.c.obj
                0x08006af0                vQueueAddToRegistry
 .text.vQueueWaitForMessageRestricted
                0x08006b44       0x68 cmake/stm32cubemx/CMakeFiles/FreeRTOS.dir/__/__/Middlewares/Third_Party/FreeRTOS/Source/queue.c.obj
                0x08006b44                vQueueWaitForMessageRestricted
 .text.xTaskCreateStatic
                0x08006bac       0xc4 cmake/stm32cubemx/CMakeFiles/FreeRTOS.dir/__/__/Middlewares/Third_Party/FreeRTOS/Source/tasks.c.obj
                0x08006bac                xTaskCreateStatic
 .text.xTaskCreate
                0x08006c70       0x8c cmake/stm32cubemx/CMakeFiles/FreeRTOS.dir/__/__/Middlewares/Third_Party/FreeRTOS/Source/tasks.c.obj
                0x08006c70                xTaskCreate
 .text.prvInitialiseNewTask
                0x08006cfc      0x1a0 cmake/stm32cubemx/CMakeFiles/FreeRTOS.dir/__/__/Middlewares/Third_Party/FreeRTOS/Source/tasks.c.obj
 .text.prvAddNewTaskToReadyList
                0x08006e9c       0xe0 cmake/stm32cubemx/CMakeFiles/FreeRTOS.dir/__/__/Middlewares/Third_Party/FreeRTOS/Source/tasks.c.obj
 .text.vTaskDelayUntil
                0x08006f7c      0x100 cmake/stm32cubemx/CMakeFiles/FreeRTOS.dir/__/__/Middlewares/Third_Party/FreeRTOS/Source/tasks.c.obj
                0x08006f7c                vTaskDelayUntil
 .text.vTaskDelay
                0x0800707c       0x6c cmake/stm32cubemx/CMakeFiles/FreeRTOS.dir/__/__/Middlewares/Third_Party/FreeRTOS/Source/tasks.c.obj
                0x0800707c                vTaskDelay
 .text.vTaskStartScheduler
                0x080070e8       0xe0 cmake/stm32cubemx/CMakeFiles/FreeRTOS.dir/__/__/Middlewares/Third_Party/FreeRTOS/Source/tasks.c.obj
                0x080070e8                vTaskStartScheduler
 .text.vTaskSuspendAll
                0x080071c8       0x1c cmake/stm32cubemx/CMakeFiles/FreeRTOS.dir/__/__/Middlewares/Third_Party/FreeRTOS/Source/tasks.c.obj
                0x080071c8                vTaskSuspendAll
 .text.xTaskResumeAll
                0x080071e4      0x13c cmake/stm32cubemx/CMakeFiles/FreeRTOS.dir/__/__/Middlewares/Third_Party/FreeRTOS/Source/tasks.c.obj
                0x080071e4                xTaskResumeAll
 .text.xTaskGetTickCount
                0x08007320       0x20 cmake/stm32cubemx/CMakeFiles/FreeRTOS.dir/__/__/Middlewares/Third_Party/FreeRTOS/Source/tasks.c.obj
                0x08007320                xTaskGetTickCount
 .text.xTaskIncrementTick
                0x08007340      0x174 cmake/stm32cubemx/CMakeFiles/FreeRTOS.dir/__/__/Middlewares/Third_Party/FreeRTOS/Source/tasks.c.obj
                0x08007340                xTaskIncrementTick
 .text.vTaskSwitchContext
                0x080074b4      0x114 cmake/stm32cubemx/CMakeFiles/FreeRTOS.dir/__/__/Middlewares/Third_Party/FreeRTOS/Source/tasks.c.obj
                0x080074b4                vTaskSwitchContext
 .text.vTaskPlaceOnEventList
                0x080075c8       0x4c cmake/stm32cubemx/CMakeFiles/FreeRTOS.dir/__/__/Middlewares/Third_Party/FreeRTOS/Source/tasks.c.obj
                0x080075c8                vTaskPlaceOnEventList
 .text.vTaskPlaceOnEventListRestricted
                0x08007614       0x58 cmake/stm32cubemx/CMakeFiles/FreeRTOS.dir/__/__/Middlewares/Third_Party/FreeRTOS/Source/tasks.c.obj
                0x08007614                vTaskPlaceOnEventListRestricted
 .text.xTaskRemoveFromEventList
                0x0800766c       0xc8 cmake/stm32cubemx/CMakeFiles/FreeRTOS.dir/__/__/Middlewares/Third_Party/FreeRTOS/Source/tasks.c.obj
                0x0800766c                xTaskRemoveFromEventList
 .text.vTaskInternalSetTimeOutState
                0x08007734       0x2c cmake/stm32cubemx/CMakeFiles/FreeRTOS.dir/__/__/Middlewares/Third_Party/FreeRTOS/Source/tasks.c.obj
                0x08007734                vTaskInternalSetTimeOutState
 .text.xTaskCheckForTimeOut
                0x08007760       0xc8 cmake/stm32cubemx/CMakeFiles/FreeRTOS.dir/__/__/Middlewares/Third_Party/FreeRTOS/Source/tasks.c.obj
                0x08007760                xTaskCheckForTimeOut
 .text.vTaskMissedYield
                0x08007828       0x18 cmake/stm32cubemx/CMakeFiles/FreeRTOS.dir/__/__/Middlewares/Third_Party/FreeRTOS/Source/tasks.c.obj
                0x08007828                vTaskMissedYield
 .text.prvIdleTask
                0x08007840       0x30 cmake/stm32cubemx/CMakeFiles/FreeRTOS.dir/__/__/Middlewares/Third_Party/FreeRTOS/Source/tasks.c.obj
 .text.prvInitialiseTaskLists
                0x08007870       0x80 cmake/stm32cubemx/CMakeFiles/FreeRTOS.dir/__/__/Middlewares/Third_Party/FreeRTOS/Source/tasks.c.obj
 .text.prvCheckTasksWaitingTermination
                0x080078f0       0x5c cmake/stm32cubemx/CMakeFiles/FreeRTOS.dir/__/__/Middlewares/Third_Party/FreeRTOS/Source/tasks.c.obj
 .text.prvDeleteTCB
                0x0800794c       0x6a cmake/stm32cubemx/CMakeFiles/FreeRTOS.dir/__/__/Middlewares/Third_Party/FreeRTOS/Source/tasks.c.obj
 *fill*         0x080079b6        0x2 
 .text.prvResetNextTaskUnblockTime
                0x080079b8       0x40 cmake/stm32cubemx/CMakeFiles/FreeRTOS.dir/__/__/Middlewares/Third_Party/FreeRTOS/Source/tasks.c.obj
 .text.xTaskGetSchedulerState
                0x080079f8       0x3c cmake/stm32cubemx/CMakeFiles/FreeRTOS.dir/__/__/Middlewares/Third_Party/FreeRTOS/Source/tasks.c.obj
                0x080079f8                xTaskGetSchedulerState
 .text.xTaskPriorityDisinherit
                0x08007a34       0xe0 cmake/stm32cubemx/CMakeFiles/FreeRTOS.dir/__/__/Middlewares/Third_Party/FreeRTOS/Source/tasks.c.obj
                0x08007a34                xTaskPriorityDisinherit
 .text.prvAddCurrentTaskToDelayedList
                0x08007b14       0xa8 cmake/stm32cubemx/CMakeFiles/FreeRTOS.dir/__/__/Middlewares/Third_Party/FreeRTOS/Source/tasks.c.obj
 .text.xTimerCreateTimerTask
                0x08007bbc       0x94 cmake/stm32cubemx/CMakeFiles/FreeRTOS.dir/__/__/Middlewares/Third_Party/FreeRTOS/Source/timers.c.obj
                0x08007bbc                xTimerCreateTimerTask
 .text.xTimerCreate
                0x08007c50       0x42 cmake/stm32cubemx/CMakeFiles/FreeRTOS.dir/__/__/Middlewares/Third_Party/FreeRTOS/Source/timers.c.obj
                0x08007c50                xTimerCreate
 .text.xTimerCreateStatic
                0x08007c92       0x80 cmake/stm32cubemx/CMakeFiles/FreeRTOS.dir/__/__/Middlewares/Third_Party/FreeRTOS/Source/timers.c.obj
                0x08007c92                xTimerCreateStatic
 .text.prvInitialiseNewTimer
                0x08007d12       0x78 cmake/stm32cubemx/CMakeFiles/FreeRTOS.dir/__/__/Middlewares/Third_Party/FreeRTOS/Source/timers.c.obj
 *fill*         0x08007d8a        0x2 
 .text.xTimerGenericCommand
                0x08007d8c       0x9c cmake/stm32cubemx/CMakeFiles/FreeRTOS.dir/__/__/Middlewares/Third_Party/FreeRTOS/Source/timers.c.obj
                0x08007d8c                xTimerGenericCommand
 .text.prvProcessExpiredTimer
                0x08007e28       0x9c cmake/stm32cubemx/CMakeFiles/FreeRTOS.dir/__/__/Middlewares/Third_Party/FreeRTOS/Source/timers.c.obj
 .text.prvTimerTask
                0x08007ec4       0x26 cmake/stm32cubemx/CMakeFiles/FreeRTOS.dir/__/__/Middlewares/Third_Party/FreeRTOS/Source/timers.c.obj
 *fill*         0x08007eea        0x2 
 .text.prvProcessTimerOrBlockTask
                0x08007eec       0x9c cmake/stm32cubemx/CMakeFiles/FreeRTOS.dir/__/__/Middlewares/Third_Party/FreeRTOS/Source/timers.c.obj
 .text.prvGetNextExpireTime
                0x08007f88       0x48 cmake/stm32cubemx/CMakeFiles/FreeRTOS.dir/__/__/Middlewares/Third_Party/FreeRTOS/Source/timers.c.obj
 .text.prvSampleTimeNow
                0x08007fd0       0x40 cmake/stm32cubemx/CMakeFiles/FreeRTOS.dir/__/__/Middlewares/Third_Party/FreeRTOS/Source/timers.c.obj
 .text.prvInsertTimerInActiveList
                0x08008010       0x84 cmake/stm32cubemx/CMakeFiles/FreeRTOS.dir/__/__/Middlewares/Third_Party/FreeRTOS/Source/timers.c.obj
 .text.prvProcessReceivedCommands
                0x08008094      0x1cc cmake/stm32cubemx/CMakeFiles/FreeRTOS.dir/__/__/Middlewares/Third_Party/FreeRTOS/Source/timers.c.obj
 .text.prvSwitchTimerLists
                0x08008260       0xcc cmake/stm32cubemx/CMakeFiles/FreeRTOS.dir/__/__/Middlewares/Third_Party/FreeRTOS/Source/timers.c.obj
 .text.prvCheckForValidListAndQueue
                0x0800832c       0x80 cmake/stm32cubemx/CMakeFiles/FreeRTOS.dir/__/__/Middlewares/Third_Party/FreeRTOS/Source/timers.c.obj
 .text.xTimerIsTimerActive
                0x080083ac       0x54 cmake/stm32cubemx/CMakeFiles/FreeRTOS.dir/__/__/Middlewares/Third_Party/FreeRTOS/Source/timers.c.obj
                0x080083ac                xTimerIsTimerActive
 .text.pvTimerGetTimerID
                0x08008400       0x42 cmake/stm32cubemx/CMakeFiles/FreeRTOS.dir/__/__/Middlewares/Third_Party/FreeRTOS/Source/timers.c.obj
                0x08008400                pvTimerGetTimerID
 *fill*         0x08008442        0x2 
 .text.__NVIC_SetPriority
                0x08008444       0x54 cmake/stm32cubemx/CMakeFiles/FreeRTOS.dir/__/__/Middlewares/Third_Party/FreeRTOS/Source/CMSIS_RTOS_V2/cmsis_os2.c.obj
 .text.SysTick_Handler
                0x08008498       0x20 cmake/stm32cubemx/CMakeFiles/FreeRTOS.dir/__/__/Middlewares/Third_Party/FreeRTOS/Source/CMSIS_RTOS_V2/cmsis_os2.c.obj
                0x08008498                SysTick_Handler
 .text.SVC_Setup
                0x080084b8       0x12 cmake/stm32cubemx/CMakeFiles/FreeRTOS.dir/__/__/Middlewares/Third_Party/FreeRTOS/Source/CMSIS_RTOS_V2/cmsis_os2.c.obj
 *fill*         0x080084ca        0x2 
 .text.osKernelInitialize
                0x080084cc       0x48 cmake/stm32cubemx/CMakeFiles/FreeRTOS.dir/__/__/Middlewares/Third_Party/FreeRTOS/Source/CMSIS_RTOS_V2/cmsis_os2.c.obj
                0x080084cc                osKernelInitialize
 .text.osKernelStart
                0x08008514       0x4c cmake/stm32cubemx/CMakeFiles/FreeRTOS.dir/__/__/Middlewares/Third_Party/FreeRTOS/Source/CMSIS_RTOS_V2/cmsis_os2.c.obj
                0x08008514                osKernelStart
 .text.osThreadNew
                0x08008560      0x126 cmake/stm32cubemx/CMakeFiles/FreeRTOS.dir/__/__/Middlewares/Third_Party/FreeRTOS/Source/CMSIS_RTOS_V2/cmsis_os2.c.obj
                0x08008560                osThreadNew
 .text.osDelay  0x08008686       0x36 cmake/stm32cubemx/CMakeFiles/FreeRTOS.dir/__/__/Middlewares/Third_Party/FreeRTOS/Source/CMSIS_RTOS_V2/cmsis_os2.c.obj
                0x08008686                osDelay
 .text.TimerCallback
                0x080086bc       0x2a cmake/stm32cubemx/CMakeFiles/FreeRTOS.dir/__/__/Middlewares/Third_Party/FreeRTOS/Source/CMSIS_RTOS_V2/cmsis_os2.c.obj
 *fill*         0x080086e6        0x2 
 .text.osTimerNew
                0x080086e8       0xf8 cmake/stm32cubemx/CMakeFiles/FreeRTOS.dir/__/__/Middlewares/Third_Party/FreeRTOS/Source/CMSIS_RTOS_V2/cmsis_os2.c.obj
                0x080086e8                osTimerNew
 .text.osTimerStart
                0x080087e0       0x5c cmake/stm32cubemx/CMakeFiles/FreeRTOS.dir/__/__/Middlewares/Third_Party/FreeRTOS/Source/CMSIS_RTOS_V2/cmsis_os2.c.obj
                0x080087e0                osTimerStart
 .text.osTimerStop
                0x0800883c       0x6e cmake/stm32cubemx/CMakeFiles/FreeRTOS.dir/__/__/Middlewares/Third_Party/FreeRTOS/Source/CMSIS_RTOS_V2/cmsis_os2.c.obj
                0x0800883c                osTimerStop
 .text.osEventFlagsNew
                0x080088aa       0x7e cmake/stm32cubemx/CMakeFiles/FreeRTOS.dir/__/__/Middlewares/Third_Party/FreeRTOS/Source/CMSIS_RTOS_V2/cmsis_os2.c.obj
                0x080088aa                osEventFlagsNew
 .text.vApplicationGetIdleTaskMemory
                0x08008928       0x34 cmake/stm32cubemx/CMakeFiles/FreeRTOS.dir/__/__/Middlewares/Third_Party/FreeRTOS/Source/CMSIS_RTOS_V2/cmsis_os2.c.obj
                0x08008928                vApplicationGetIdleTaskMemory
 .text.vApplicationGetTimerTaskMemory
                0x0800895c       0x34 cmake/stm32cubemx/CMakeFiles/FreeRTOS.dir/__/__/Middlewares/Third_Party/FreeRTOS/Source/CMSIS_RTOS_V2/cmsis_os2.c.obj
                0x0800895c                vApplicationGetTimerTaskMemory
 .text.pvPortMalloc
                0x08008990      0x19c cmake/stm32cubemx/CMakeFiles/FreeRTOS.dir/__/__/Middlewares/Third_Party/FreeRTOS/Source/portable/MemMang/heap_4.c.obj
                0x08008990                pvPortMalloc
 .text.vPortFree
                0x08008b2c       0xc8 cmake/stm32cubemx/CMakeFiles/FreeRTOS.dir/__/__/Middlewares/Third_Party/FreeRTOS/Source/portable/MemMang/heap_4.c.obj
                0x08008b2c                vPortFree
 .text.prvHeapInit
                0x08008bf4       0xc4 cmake/stm32cubemx/CMakeFiles/FreeRTOS.dir/__/__/Middlewares/Third_Party/FreeRTOS/Source/portable/MemMang/heap_4.c.obj
 .text.prvInsertBlockIntoFreeList
                0x08008cb8       0xb4 cmake/stm32cubemx/CMakeFiles/FreeRTOS.dir/__/__/Middlewares/Third_Party/FreeRTOS/Source/portable/MemMang/heap_4.c.obj
 .text.pxPortInitialiseStack
                0x08008d6c       0x68 cmake/stm32cubemx/CMakeFiles/FreeRTOS.dir/__/__/Middlewares/Third_Party/FreeRTOS/Source/portable/GCC/ARM_CM4F/port.c.obj
                0x08008d6c                pxPortInitialiseStack
 .text.prvTaskExitError
                0x08008dd4       0x5c cmake/stm32cubemx/CMakeFiles/FreeRTOS.dir/__/__/Middlewares/Third_Party/FreeRTOS/Source/portable/GCC/ARM_CM4F/port.c.obj
 .text.SVC_Handler
                0x08008e30       0x28 cmake/stm32cubemx/CMakeFiles/FreeRTOS.dir/__/__/Middlewares/Third_Party/FreeRTOS/Source/portable/GCC/ARM_CM4F/port.c.obj
                0x08008e30                SVC_Handler
 .text.prvPortStartFirstTask
                0x08008e58       0x28 cmake/stm32cubemx/CMakeFiles/FreeRTOS.dir/__/__/Middlewares/Third_Party/FreeRTOS/Source/portable/GCC/ARM_CM4F/port.c.obj
 .text.xPortStartScheduler
                0x08008e80      0x148 cmake/stm32cubemx/CMakeFiles/FreeRTOS.dir/__/__/Middlewares/Third_Party/FreeRTOS/Source/portable/GCC/ARM_CM4F/port.c.obj
                0x08008e80                xPortStartScheduler
 .text.vPortEnterCritical
                0x08008fc8       0x64 cmake/stm32cubemx/CMakeFiles/FreeRTOS.dir/__/__/Middlewares/Third_Party/FreeRTOS/Source/portable/GCC/ARM_CM4F/port.c.obj
                0x08008fc8                vPortEnterCritical
 .text.vPortExitCritical
                0x0800902c       0x54 cmake/stm32cubemx/CMakeFiles/FreeRTOS.dir/__/__/Middlewares/Third_Party/FreeRTOS/Source/portable/GCC/ARM_CM4F/port.c.obj
                0x0800902c                vPortExitCritical
 .text.PendSV_Handler
                0x08009080       0x68 cmake/stm32cubemx/CMakeFiles/FreeRTOS.dir/__/__/Middlewares/Third_Party/FreeRTOS/Source/portable/GCC/ARM_CM4F/port.c.obj
                0x08009080                PendSV_Handler
 .text.xPortSysTickHandler
                0x080090e8       0x44 cmake/stm32cubemx/CMakeFiles/FreeRTOS.dir/__/__/Middlewares/Third_Party/FreeRTOS/Source/portable/GCC/ARM_CM4F/port.c.obj
                0x080090e8                xPortSysTickHandler
 .text.vPortSetupTimerInterrupt
                0x0800912c       0x48 cmake/stm32cubemx/CMakeFiles/FreeRTOS.dir/__/__/Middlewares/Third_Party/FreeRTOS/Source/portable/GCC/ARM_CM4F/port.c.obj
                0x0800912c                vPortSetupTimerInterrupt
 .text.vPortEnableVFP
                0x08009174       0x14 cmake/stm32cubemx/CMakeFiles/FreeRTOS.dir/__/__/Middlewares/Third_Party/FreeRTOS/Source/portable/GCC/ARM_CM4F/port.c.obj
 .text.vPortValidateInterruptPriority
                0x08009188       0x84 cmake/stm32cubemx/CMakeFiles/FreeRTOS.dir/__/__/Middlewares/Third_Party/FreeRTOS/Source/portable/GCC/ARM_CM4F/port.c.obj
                0x08009188                vPortValidateInterruptPriority
 .text.main     0x0800920c       0x58 CMakeFiles/OnBoardCtrl_FW.dir/Core/Src/main.c.obj
                0x0800920c                main
 .text.SystemClock_Config
                0x08009264       0x9a CMakeFiles/OnBoardCtrl_FW.dir/Core/Src/main.c.obj
                0x08009264                SystemClock_Config
 *fill*         0x080092fe        0x2 
 .text.MX_ADC1_Init
                0x08009300       0xec CMakeFiles/OnBoardCtrl_FW.dir/Core/Src/main.c.obj
 .text.MX_ADC2_Init
                0x080093ec       0xc8 CMakeFiles/OnBoardCtrl_FW.dir/Core/Src/main.c.obj
 .text.MX_SPI1_Init
                0x080094b4       0x7c CMakeFiles/OnBoardCtrl_FW.dir/Core/Src/main.c.obj
 .text.MX_TIM2_Init
                0x08009530       0xb4 CMakeFiles/OnBoardCtrl_FW.dir/Core/Src/main.c.obj
 .text.MX_USART1_UART_Init
                0x080095e4       0x60 CMakeFiles/OnBoardCtrl_FW.dir/Core/Src/main.c.obj
 .text.MX_GPIO_Init
                0x08009644       0xe4 CMakeFiles/OnBoardCtrl_FW.dir/Core/Src/main.c.obj
 .text.HAL_TIM_PeriodElapsedCallback
                0x08009728       0x24 CMakeFiles/OnBoardCtrl_FW.dir/Core/Src/main.c.obj
                0x08009728                HAL_TIM_PeriodElapsedCallback
 .text.Error_Handler
                0x0800974c        0xc CMakeFiles/OnBoardCtrl_FW.dir/Core/Src/main.c.obj
                0x0800974c                Error_Handler
 .text.Animation_Init
                0x08009758       0x18 CMakeFiles/OnBoardCtrl_FW.dir/Core/Src/freertos.c.obj
                0x08009758                Animation_Init
 .text.Animation_Start
                0x08009770       0x84 CMakeFiles/OnBoardCtrl_FW.dir/Core/Src/freertos.c.obj
                0x08009770                Animation_Start
 .text.Animation_Update
                0x080097f4       0xfc CMakeFiles/OnBoardCtrl_FW.dir/Core/Src/freertos.c.obj
                0x080097f4                Animation_Update
 .text.Animation_GetValue
                0x080098f0       0x30 CMakeFiles/OnBoardCtrl_FW.dir/Core/Src/freertos.c.obj
                0x080098f0                Animation_GetValue
 .text.RTOS_Start
                0x08009920       0xfc CMakeFiles/OnBoardCtrl_FW.dir/Core/Src/freertos.c.obj
                0x08009920                RTOS_Start
 .text.StartOneSecondTask
                0x08009a1c       0x30 CMakeFiles/OnBoardCtrl_FW.dir/Core/Src/freertos.c.obj
                0x08009a1c                StartOneSecondTask
 .text.StartAdcTask
                0x08009a4c      0x264 CMakeFiles/OnBoardCtrl_FW.dir/Core/Src/freertos.c.obj
                0x08009a4c                StartAdcTask
 .text.StartDisplayTask
                0x08009cb0      0x69c CMakeFiles/OnBoardCtrl_FW.dir/Core/Src/freertos.c.obj
                0x08009cb0                StartDisplayTask
 .text.StartButtonTask
                0x0800a34c      0x2b4 CMakeFiles/OnBoardCtrl_FW.dir/Core/Src/freertos.c.obj
                0x0800a34c                StartButtonTask
 .text.Callback01
                0x0800a600       0xec CMakeFiles/OnBoardCtrl_FW.dir/Core/Src/freertos.c.obj
                0x0800a600                Callback01
 .text.vApplicationStackOverflowHook
                0x0800a6ec       0x24 CMakeFiles/OnBoardCtrl_FW.dir/Core/Src/freertos.c.obj
                0x0800a6ec                vApplicationStackOverflowHook
 .text.NMI_Handler
                0x0800a710        0x8 CMakeFiles/OnBoardCtrl_FW.dir/Core/Src/stm32l4xx_it.c.obj
                0x0800a710                NMI_Handler
 .text.HardFault_Handler
                0x0800a718        0x8 CMakeFiles/OnBoardCtrl_FW.dir/Core/Src/stm32l4xx_it.c.obj
                0x0800a718                HardFault_Handler
 .text.MemManage_Handler
                0x0800a720        0x8 CMakeFiles/OnBoardCtrl_FW.dir/Core/Src/stm32l4xx_it.c.obj
                0x0800a720                MemManage_Handler
 .text.BusFault_Handler
                0x0800a728        0x8 CMakeFiles/OnBoardCtrl_FW.dir/Core/Src/stm32l4xx_it.c.obj
                0x0800a728                BusFault_Handler
 .text.UsageFault_Handler
                0x0800a730        0x8 CMakeFiles/OnBoardCtrl_FW.dir/Core/Src/stm32l4xx_it.c.obj
                0x0800a730                UsageFault_Handler
 .text.DebugMon_Handler
                0x0800a738        0xe CMakeFiles/OnBoardCtrl_FW.dir/Core/Src/stm32l4xx_it.c.obj
                0x0800a738                DebugMon_Handler
 *fill*         0x0800a746        0x2 
 .text.TIM1_UP_TIM16_IRQHandler
                0x0800a748       0x14 CMakeFiles/OnBoardCtrl_FW.dir/Core/Src/stm32l4xx_it.c.obj
                0x0800a748                TIM1_UP_TIM16_IRQHandler
 .text.USART1_IRQHandler
                0x0800a75c       0x14 CMakeFiles/OnBoardCtrl_FW.dir/Core/Src/stm32l4xx_it.c.obj
                0x0800a75c                USART1_IRQHandler
 .text.HAL_MspInit
                0x0800a770       0x50 CMakeFiles/OnBoardCtrl_FW.dir/Core/Src/stm32l4xx_hal_msp.c.obj
                0x0800a770                HAL_MspInit
 .text.HAL_ADC_MspInit
                0x0800a7c0      0x130 CMakeFiles/OnBoardCtrl_FW.dir/Core/Src/stm32l4xx_hal_msp.c.obj
                0x0800a7c0                HAL_ADC_MspInit
 .text.HAL_SPI_MspInit
                0x0800a8f0       0x84 CMakeFiles/OnBoardCtrl_FW.dir/Core/Src/stm32l4xx_hal_msp.c.obj
                0x0800a8f0                HAL_SPI_MspInit
 .text.HAL_TIM_PWM_MspInit
                0x0800a974       0x3c CMakeFiles/OnBoardCtrl_FW.dir/Core/Src/stm32l4xx_hal_msp.c.obj
                0x0800a974                HAL_TIM_PWM_MspInit
 .text.HAL_TIM_MspPostInit
                0x0800a9b0       0x68 CMakeFiles/OnBoardCtrl_FW.dir/Core/Src/stm32l4xx_hal_msp.c.obj
                0x0800a9b0                HAL_TIM_MspPostInit
 .text.HAL_UART_MspInit
                0x0800aa18       0xc0 CMakeFiles/OnBoardCtrl_FW.dir/Core/Src/stm32l4xx_hal_msp.c.obj
                0x0800aa18                HAL_UART_MspInit
 .text.HAL_InitTick
                0x0800aad8       0xdc CMakeFiles/OnBoardCtrl_FW.dir/Core/Src/stm32l4xx_hal_timebase_tim.c.obj
                0x0800aad8                HAL_InitTick
 .text._sbrk    0x0800abb4       0x6c CMakeFiles/OnBoardCtrl_FW.dir/Core/Src/sysmem.c.obj
                0x0800abb4                _sbrk
 .text.Reset_Handler
                0x0800ac20       0x50 CMakeFiles/OnBoardCtrl_FW.dir/startup_stm32l412xx.s.obj
                0x0800ac20                Reset_Handler
 .text.Default_Handler
                0x0800ac70        0x2 CMakeFiles/OnBoardCtrl_FW.dir/startup_stm32l412xx.s.obj
                0x0800ac70                RTC_Alarm_IRQHandler
                0x0800ac70                EXTI2_IRQHandler
                0x0800ac70                TIM1_CC_IRQHandler
                0x0800ac70                TSC_IRQHandler
                0x0800ac70                TIM6_IRQHandler
                0x0800ac70                TAMP_STAMP_IRQHandler
                0x0800ac70                EXTI3_IRQHandler
                0x0800ac70                LPTIM2_IRQHandler
                0x0800ac70                I2C3_ER_IRQHandler
                0x0800ac70                EXTI0_IRQHandler
                0x0800ac70                I2C2_EV_IRQHandler
                0x0800ac70                FPU_IRQHandler
                0x0800ac70                ADC1_2_IRQHandler
                0x0800ac70                SPI1_IRQHandler
                0x0800ac70                DMA2_Channel2_IRQHandler
                0x0800ac70                DMA1_Channel4_IRQHandler
                0x0800ac70                USART3_IRQHandler
                0x0800ac70                DMA1_Channel7_IRQHandler
                0x0800ac70                DMA2_Channel1_IRQHandler
                0x0800ac70                QUADSPI_IRQHandler
                0x0800ac70                I2C1_EV_IRQHandler
                0x0800ac70                DMA1_Channel6_IRQHandler
                0x0800ac70                DMA2_Channel4_IRQHandler
                0x0800ac70                RCC_IRQHandler
                0x0800ac70                TIM1_TRG_COM_IRQHandler
                0x0800ac70                DMA1_Channel1_IRQHandler
                0x0800ac70                Default_Handler
                0x0800ac70                DMA2_Channel7_IRQHandler
                0x0800ac70                EXTI15_10_IRQHandler
                0x0800ac70                I2C3_EV_IRQHandler
                0x0800ac70                USB_IRQHandler
                0x0800ac70                EXTI9_5_IRQHandler
                0x0800ac70                RTC_WKUP_IRQHandler
                0x0800ac70                PVD_PVM_IRQHandler
                0x0800ac70                SPI2_IRQHandler
                0x0800ac70                DMA2_Channel5_IRQHandler
                0x0800ac70                CRS_IRQHandler
                0x0800ac70                DMA1_Channel5_IRQHandler
                0x0800ac70                EXTI4_IRQHandler
                0x0800ac70                RNG_IRQHandler
                0x0800ac70                DMA1_Channel3_IRQHandler
                0x0800ac70                COMP_IRQHandler
                0x0800ac70                WWDG_IRQHandler
                0x0800ac70                LPUART1_IRQHandler
                0x0800ac70                DMA2_Channel6_IRQHandler
                0x0800ac70                TIM2_IRQHandler
                0x0800ac70                EXTI1_IRQHandler
                0x0800ac70                USART2_IRQHandler
                0x0800ac70                I2C2_ER_IRQHandler
                0x0800ac70                DMA1_Channel2_IRQHandler
                0x0800ac70                FLASH_IRQHandler
                0x0800ac70                I2C1_ER_IRQHandler
                0x0800ac70                LPTIM1_IRQHandler
                0x0800ac70                DMA2_Channel3_IRQHandler
                0x0800ac70                TIM1_BRK_TIM15_IRQHandler
 .text.System_Init
                0x0800ac72       0x10 CMakeFiles/OnBoardCtrl_FW.dir/App/Common/Src/OLED/DEV_Config.c.obj
                0x0800ac72                System_Init
 *fill*         0x0800ac82        0x2 
 .text.SPI4W_Write_Byte
                0x0800ac84       0x24 CMakeFiles/OnBoardCtrl_FW.dir/App/Common/Src/OLED/DEV_Config.c.obj
                0x0800ac84                SPI4W_Write_Byte
 .text.Driver_Delay_ms
                0x0800aca8       0x16 CMakeFiles/OnBoardCtrl_FW.dir/App/Common/Src/OLED/DEV_Config.c.obj
                0x0800aca8                Driver_Delay_ms
 *fill*         0x0800acbe        0x2 
 .text.Paint_NewImage
                0x0800acc0       0xac CMakeFiles/OnBoardCtrl_FW.dir/App/Common/Src/OLED/GUI_Paint.c.obj
                0x0800acc0                Paint_NewImage
 .text.Paint_SelectImage
                0x0800ad6c       0x20 CMakeFiles/OnBoardCtrl_FW.dir/App/Common/Src/OLED/GUI_Paint.c.obj
                0x0800ad6c                Paint_SelectImage
 .text.Paint_SetRotate
                0x0800ad8c       0x3c CMakeFiles/OnBoardCtrl_FW.dir/App/Common/Src/OLED/GUI_Paint.c.obj
                0x0800ad8c                Paint_SetRotate
 .text.Paint_SetMirroring
                0x0800adc8       0x3c CMakeFiles/OnBoardCtrl_FW.dir/App/Common/Src/OLED/GUI_Paint.c.obj
                0x0800adc8                Paint_SetMirroring
 .text.Paint_SetPixel
                0x0800ae04      0x2e0 CMakeFiles/OnBoardCtrl_FW.dir/App/Common/Src/OLED/GUI_Paint.c.obj
                0x0800ae04                Paint_SetPixel
 .text.Paint_Clear
                0x0800b0e4      0x158 CMakeFiles/OnBoardCtrl_FW.dir/App/Common/Src/OLED/GUI_Paint.c.obj
                0x0800b0e4                Paint_Clear
 .text.Paint_DrawPoint
                0x0800b23c      0x12c CMakeFiles/OnBoardCtrl_FW.dir/App/Common/Src/OLED/GUI_Paint.c.obj
                0x0800b23c                Paint_DrawPoint
 .text.Paint_DrawLine
                0x0800b368      0x174 CMakeFiles/OnBoardCtrl_FW.dir/App/Common/Src/OLED/GUI_Paint.c.obj
                0x0800b368                Paint_DrawLine
 .text.Paint_DrawRectangle
                0x0800b4dc      0x100 CMakeFiles/OnBoardCtrl_FW.dir/App/Common/Src/OLED/GUI_Paint.c.obj
                0x0800b4dc                Paint_DrawRectangle
 .text.Paint_DrawChar
                0x0800b5dc      0x150 CMakeFiles/OnBoardCtrl_FW.dir/App/Common/Src/OLED/GUI_Paint.c.obj
                0x0800b5dc                Paint_DrawChar
 .text.Paint_DrawString_EN
                0x0800b72c       0xa4 CMakeFiles/OnBoardCtrl_FW.dir/App/Common/Src/OLED/GUI_Paint.c.obj
                0x0800b72c                Paint_DrawString_EN
 .text.OLED_Reset
                0x0800b7d0       0x44 CMakeFiles/OnBoardCtrl_FW.dir/App/Common/Src/OLED/OLED_1in3_c.c.obj
 .text.OLED_WriteReg
                0x0800b814       0x44 CMakeFiles/OnBoardCtrl_FW.dir/App/Common/Src/OLED/OLED_1in3_c.c.obj
 .text.OLED_WriteData
                0x0800b858       0x44 CMakeFiles/OnBoardCtrl_FW.dir/App/Common/Src/OLED/OLED_1in3_c.c.obj
 .text.OLED_InitReg
                0x0800b89c       0x9e CMakeFiles/OnBoardCtrl_FW.dir/App/Common/Src/OLED/OLED_1in3_c.c.obj
 .text.OLED_1in3_C_Init
                0x0800b93a       0x1c CMakeFiles/OnBoardCtrl_FW.dir/App/Common/Src/OLED/OLED_1in3_c.c.obj
                0x0800b93a                OLED_1in3_C_Init
 .text.OLED_1in3_C_Clear
                0x0800b956       0x76 CMakeFiles/OnBoardCtrl_FW.dir/App/Common/Src/OLED/OLED_1in3_c.c.obj
                0x0800b956                OLED_1in3_C_Clear
 .text.reverse  0x0800b9cc       0x6e CMakeFiles/OnBoardCtrl_FW.dir/App/Common/Src/OLED/OLED_1in3_c.c.obj
                0x0800b9cc                reverse
 .text.OLED_1in3_C_Display
                0x0800ba3a       0xa0 CMakeFiles/OnBoardCtrl_FW.dir/App/Common/Src/OLED/OLED_1in3_c.c.obj
                0x0800ba3a                OLED_1in3_C_Display
 *fill*         0x0800bada        0x2 
 .text.OLED_1in3_c_test
                0x0800badc       0x84 CMakeFiles/OnBoardCtrl_FW.dir/App/Common/Src/OLED/OLED_1in3_c_test.c.obj
                0x0800badc                OLED_1in3_c_test
 .text.malloc   0x0800bb60       0x10 C:/ST/STM32CubeCLT_1.18.0/GNU-tools-for-STM32/bin/../lib/gcc/arm-none-eabi/13.3.1/../../../../arm-none-eabi/lib/thumb/v7e-m+fp/hard\libg_nano.a(libc_a-malloc.o)
                0x0800bb60                malloc
 .text.sprintf  0x0800bb70       0x44 C:/ST/STM32CubeCLT_1.18.0/GNU-tools-for-STM32/bin/../lib/gcc/arm-none-eabi/13.3.1/../../../../arm-none-eabi/lib/thumb/v7e-m+fp/hard\libg_nano.a(libc_a-sprintf.o)
                0x0800bb70                siprintf
                0x0800bb70                sprintf
 .text.__errno  0x0800bbb4        0xc C:/ST/STM32CubeCLT_1.18.0/GNU-tools-for-STM32/bin/../lib/gcc/arm-none-eabi/13.3.1/../../../../arm-none-eabi/lib/thumb/v7e-m+fp/hard\libg_nano.a(libc_a-errno.o)
                0x0800bbb4                __errno
 .text.memcpy   0x0800bbc0       0x1c C:/ST/STM32CubeCLT_1.18.0/GNU-tools-for-STM32/bin/../lib/gcc/arm-none-eabi/13.3.1/../../../../arm-none-eabi/lib/thumb/v7e-m+fp/hard\libg_nano.a(libc_a-memcpy-stub.o)
                0x0800bbc0                memcpy
 .text.__ssputs_r
                0x0800bbdc       0xb6 C:/ST/STM32CubeCLT_1.18.0/GNU-tools-for-STM32/bin/../lib/gcc/arm-none-eabi/13.3.1/../../../../arm-none-eabi/lib/thumb/v7e-m+fp/hard\libg_nano.a(libc_a-nano-svfprintf.o)
                0x0800bbdc                __ssputs_r
 *fill*         0x0800bc92        0x2 
 .text._svfprintf_r
                0x0800bc94      0x1f8 C:/ST/STM32CubeCLT_1.18.0/GNU-tools-for-STM32/bin/../lib/gcc/arm-none-eabi/13.3.1/../../../../arm-none-eabi/lib/thumb/v7e-m+fp/hard\libg_nano.a(libc_a-nano-svfprintf.o)
                0x0800bc94                _svfiprintf_r
                0x0800bc94                _svfprintf_r
 .text._printf_common
                0x0800be8c       0xda C:/ST/STM32CubeCLT_1.18.0/GNU-tools-for-STM32/bin/../lib/gcc/arm-none-eabi/13.3.1/../../../../arm-none-eabi/lib/thumb/v7e-m+fp/hard\libg_nano.a(libc_a-nano-vfprintf_i.o)
                0x0800be8c                _printf_common
 *fill*         0x0800bf66        0x2 
 .text._printf_i
                0x0800bf68      0x23c C:/ST/STM32CubeCLT_1.18.0/GNU-tools-for-STM32/bin/../lib/gcc/arm-none-eabi/13.3.1/../../../../arm-none-eabi/lib/thumb/v7e-m+fp/hard\libg_nano.a(libc_a-nano-vfprintf_i.o)
                0x0800bf68                _printf_i
 .text.memmove  0x0800c1a4       0x34 C:/ST/STM32CubeCLT_1.18.0/GNU-tools-for-STM32/bin/../lib/gcc/arm-none-eabi/13.3.1/../../../../arm-none-eabi/lib/thumb/v7e-m+fp/hard\libg_nano.a(libc_a-memmove.o)
                0x0800c1a4                memmove
 .text._realloc_r
                0x0800c1d8       0x5c C:/ST/STM32CubeCLT_1.18.0/GNU-tools-for-STM32/bin/../lib/gcc/arm-none-eabi/13.3.1/../../../../arm-none-eabi/lib/thumb/v7e-m+fp/hard\libg_nano.a(libc_a-reallocr.o)
                0x0800c1d8                _realloc_r
 .text._malloc_usable_size_r
                0x0800c234       0x10 C:/ST/STM32CubeCLT_1.18.0/GNU-tools-for-STM32/bin/../lib/gcc/arm-none-eabi/13.3.1/../../../../arm-none-eabi/lib/thumb/v7e-m+fp/hard\libg_nano.a(libc_a-msizer.o)
                0x0800c234                _malloc_usable_size_r
 *(.glue_7)
 .glue_7        0x0800c244        0x0 linker stubs
 *(.glue_7t)
 .glue_7t       0x0800c244        0x0 linker stubs
 *(.eh_frame)
 .eh_frame      0x0800c244        0x0 C:/ST/STM32CubeCLT_1.18.0/GNU-tools-for-STM32/bin/../lib/gcc/arm-none-eabi/13.3.1/thumb/v7e-m+fp/hard/crtbegin.o
 *(.init)
 .init          0x0800c244        0x4 C:/ST/STM32CubeCLT_1.18.0/GNU-tools-for-STM32/bin/../lib/gcc/arm-none-eabi/13.3.1/thumb/v7e-m+fp/hard/crti.o
                0x0800c244                _init
 .init          0x0800c248        0x8 C:/ST/STM32CubeCLT_1.18.0/GNU-tools-for-STM32/bin/../lib/gcc/arm-none-eabi/13.3.1/thumb/v7e-m+fp/hard/crtn.o
 *(.fini)
 .fini          0x0800c250        0x4 C:/ST/STM32CubeCLT_1.18.0/GNU-tools-for-STM32/bin/../lib/gcc/arm-none-eabi/13.3.1/thumb/v7e-m+fp/hard/crti.o
                0x0800c250                _fini
 .fini          0x0800c254        0x8 C:/ST/STM32CubeCLT_1.18.0/GNU-tools-for-STM32/bin/../lib/gcc/arm-none-eabi/13.3.1/thumb/v7e-m+fp/hard/crtn.o
                0x0800c260                        . = ALIGN (0x8)
 *fill*         0x0800c25c        0x4 
                0x0800c260                        _etext = .

.vfp11_veneer   0x0800c260        0x0
 .vfp11_veneer  0x0800c260        0x0 linker stubs

.v4_bx          0x0800c260        0x0
 .v4_bx         0x0800c260        0x0 linker stubs

.iplt           0x0800c260        0x0
 .iplt          0x0800c260        0x0 C:/ST/STM32CubeCLT_1.18.0/GNU-tools-for-STM32/bin/../lib/gcc/arm-none-eabi/13.3.1/thumb/v7e-m+fp/hard/crtbegin.o

.rodata         0x0800c260     0x2ce0
                0x0800c260                        . = ALIGN (0x8)
 *(.rodata)
 .rodata        0x0800c260        0x5 cmake/stm32cubemx/CMakeFiles/FreeRTOS.dir/__/__/Middlewares/Third_Party/FreeRTOS/Source/tasks.c.obj
 *fill*         0x0800c265        0x3 
 .rodata        0x0800c268        0xd cmake/stm32cubemx/CMakeFiles/FreeRTOS.dir/__/__/Middlewares/Third_Party/FreeRTOS/Source/timers.c.obj
 *fill*         0x0800c275        0x3 
 .rodata        0x0800c278       0xac CMakeFiles/OnBoardCtrl_FW.dir/Core/Src/freertos.c.obj
 *(.rodata*)
 .rodata.AHBPrescTable
                0x0800c324       0x10 cmake/stm32cubemx/CMakeFiles/STM32_Drivers.dir/__/__/Core/Src/system_stm32l4xx.c.obj
                0x0800c324                AHBPrescTable
 .rodata.APBPrescTable
                0x0800c334        0x8 cmake/stm32cubemx/CMakeFiles/STM32_Drivers.dir/__/__/Core/Src/system_stm32l4xx.c.obj
                0x0800c334                APBPrescTable
 .rodata.MSIRangeTable
                0x0800c33c       0x30 cmake/stm32cubemx/CMakeFiles/STM32_Drivers.dir/__/__/Core/Src/system_stm32l4xx.c.obj
                0x0800c33c                MSIRangeTable
 .rodata.OneSecondTask_attributes
                0x0800c36c       0x24 CMakeFiles/OnBoardCtrl_FW.dir/Core/Src/freertos.c.obj
                0x0800c36c                OneSecondTask_attributes
 .rodata.AdcTask_attributes
                0x0800c390       0x24 CMakeFiles/OnBoardCtrl_FW.dir/Core/Src/freertos.c.obj
                0x0800c390                AdcTask_attributes
 .rodata.DisplayTask_attributes
                0x0800c3b4       0x24 CMakeFiles/OnBoardCtrl_FW.dir/Core/Src/freertos.c.obj
                0x0800c3b4                DisplayTask_attributes
 .rodata.ButtonTask_attributes
                0x0800c3d8       0x24 CMakeFiles/OnBoardCtrl_FW.dir/Core/Src/freertos.c.obj
                0x0800c3d8                ButtonTask_attributes
 .rodata.MainTimer_attributes
                0x0800c3fc       0x10 CMakeFiles/OnBoardCtrl_FW.dir/Core/Src/freertos.c.obj
                0x0800c3fc                MainTimer_attributes
 .rodata.MainStatusEvent_attributes
                0x0800c40c       0x10 CMakeFiles/OnBoardCtrl_FW.dir/Core/Src/freertos.c.obj
                0x0800c40c                MainStatusEvent_attributes
 .rodata.Font12_Table
                0x0800c41c      0x474 CMakeFiles/OnBoardCtrl_FW.dir/App/Common/Fonts/font12.c.obj
                0x0800c41c                Font12_Table
 .rodata.Font24_Table
                0x0800c890     0x1ab8 CMakeFiles/OnBoardCtrl_FW.dir/App/Common/Fonts/font24.c.obj
                0x0800c890                Font24_Table
 .rodata.FontIcon16_Table
                0x0800e348      0x1c0 CMakeFiles/OnBoardCtrl_FW.dir/App/Common/Fonts/fontIcon16.c.obj
                0x0800e348                FontIcon16_Table
 .rodata.gImage_visol
                0x0800e508      0xa00 CMakeFiles/OnBoardCtrl_FW.dir/App/Common/Src/OLED/visol.c.obj
                0x0800e508                gImage_visol
 .rodata._svfprintf_r.str1.1
                0x0800ef08       0x33 C:/ST/STM32CubeCLT_1.18.0/GNU-tools-for-STM32/bin/../lib/gcc/arm-none-eabi/13.3.1/../../../../arm-none-eabi/lib/thumb/v7e-m+fp/hard\libg_nano.a(libc_a-nano-svfprintf.o)
                                 0x11 (size before relaxing)
 .rodata._printf_i.str1.1
                0x0800ef3b       0x22 C:/ST/STM32CubeCLT_1.18.0/GNU-tools-for-STM32/bin/../lib/gcc/arm-none-eabi/13.3.1/../../../../arm-none-eabi/lib/thumb/v7e-m+fp/hard\libg_nano.a(libc_a-nano-vfprintf_i.o)
                0x0800ef60                        . = ALIGN (0x8)
 *fill*         0x0800ef3b        0x5 

.ARM.extab      0x0800ef40        0x0
                0x0800ef40                        . = ALIGN (0x8)
 *(.ARM.extab* .gnu.linkonce.armextab.*)
                0x0800ef40                        . = ALIGN (0x8)

.ARM            0x0800ef40        0x8
                0x0800ef40                        . = ALIGN (0x8)
                0x0800ef40                        __exidx_start = .
 *(.ARM.exidx*)
 .ARM.exidx     0x0800ef40        0x8 C:/ST/STM32CubeCLT_1.18.0/GNU-tools-for-STM32/bin/../lib/gcc/arm-none-eabi/13.3.1/thumb/v7e-m+fp/hard\libgcc.a(_udivmoddi4.o)
 .ARM.exidx     0x0800ef48        0x0 C:/ST/STM32CubeCLT_1.18.0/GNU-tools-for-STM32/bin/../lib/gcc/arm-none-eabi/13.3.1/../../../../arm-none-eabi/lib/thumb/v7e-m+fp/hard\libg_nano.a(libc_a-memchr.o)
                                  0x8 (size before relaxing)
                0x0800ef48                        __exidx_end = .
                0x0800ef48                        . = ALIGN (0x8)

.preinit_array  0x0800ef48        0x0
                0x0800ef48                        . = ALIGN (0x8)
                0x0800ef48                        PROVIDE (__preinit_array_start = .)
 *(.preinit_array*)
                0x0800ef48                        PROVIDE (__preinit_array_end = .)
                0x0800ef48                        . = ALIGN (0x8)

.init_array     0x0800ef48        0x8
                0x0800ef48                        . = ALIGN (0x8)
                0x0800ef48                        PROVIDE (__init_array_start = .)
 *(SORT_BY_NAME(.init_array.*))
 *(.init_array*)
 .init_array    0x0800ef48        0x4 C:/ST/STM32CubeCLT_1.18.0/GNU-tools-for-STM32/bin/../lib/gcc/arm-none-eabi/13.3.1/thumb/v7e-m+fp/hard/crtbegin.o
                0x0800ef4c                        PROVIDE (__init_array_end = .)
                0x0800ef50                        . = ALIGN (0x8)
 *fill*         0x0800ef4c        0x4 

.fini_array     0x0800ef50        0x8
                0x0800ef50                        . = ALIGN (0x8)
                [!provide]                        PROVIDE (__fini_array_start = .)
 *(SORT_BY_NAME(.fini_array.*))
 *(.fini_array*)
 .fini_array    0x0800ef50        0x4 C:/ST/STM32CubeCLT_1.18.0/GNU-tools-for-STM32/bin/../lib/gcc/arm-none-eabi/13.3.1/thumb/v7e-m+fp/hard/crtbegin.o
                [!provide]                        PROVIDE (__fini_array_end = .)
                0x0800ef58                        . = ALIGN (0x8)
 *fill*         0x0800ef54        0x4 
                0x0800ef58                        _sidata = LOADADDR (.data)

.rel.dyn        0x0800ef58        0x0
 .rel.iplt      0x0800ef58        0x0 C:/ST/STM32CubeCLT_1.18.0/GNU-tools-for-STM32/bin/../lib/gcc/arm-none-eabi/13.3.1/thumb/v7e-m+fp/hard/crtbegin.o

.data           0x20000000       0xb0 load address 0x0800ef58
                0x20000000                        . = ALIGN (0x8)
                0x20000000                        _sdata = .
 *(.data)
 *(.data*)
 .data._impure_ptr
                0x20000000        0x4 C:/ST/STM32CubeCLT_1.18.0/GNU-tools-for-STM32/bin/../lib/gcc/arm-none-eabi/13.3.1/../../../../arm-none-eabi/lib/thumb/v7e-m+fp/hard\libc_nano.a(libc_a-impure.o)
                0x20000000                _impure_ptr
 .data._impure_data
                0x20000004       0x4c C:/ST/STM32CubeCLT_1.18.0/GNU-tools-for-STM32/bin/../lib/gcc/arm-none-eabi/13.3.1/../../../../arm-none-eabi/lib/thumb/v7e-m+fp/hard\libc_nano.a(libc_a-impure.o)
                0x20000004                _impure_data
 .data.SystemCoreClock
                0x20000050        0x4 cmake/stm32cubemx/CMakeFiles/STM32_Drivers.dir/__/__/Core/Src/system_stm32l4xx.c.obj
                0x20000050                SystemCoreClock
 .data.uwTickPrio
                0x20000054        0x4 cmake/stm32cubemx/CMakeFiles/STM32_Drivers.dir/__/__/Drivers/STM32L4xx_HAL_Driver/Src/stm32l4xx_hal.c.obj
                0x20000054                uwTickPrio
 .data.uwTickFreq
                0x20000058        0x1 cmake/stm32cubemx/CMakeFiles/STM32_Drivers.dir/__/__/Drivers/STM32L4xx_HAL_Driver/Src/stm32l4xx_hal.c.obj
                0x20000058                uwTickFreq
 *fill*         0x20000059        0x3 
 .data.uxCriticalNesting
                0x2000005c        0x4 cmake/stm32cubemx/CMakeFiles/FreeRTOS.dir/__/__/Middlewares/Third_Party/FreeRTOS/Source/portable/GCC/ARM_CM4F/port.c.obj
 .data.Adc_State
                0x20000060       0x10 CMakeFiles/OnBoardCtrl_FW.dir/Core/Src/freertos.c.obj
                0x20000060                Adc_State
 .data.Button_State
                0x20000070       0x20 CMakeFiles/OnBoardCtrl_FW.dir/Core/Src/freertos.c.obj
                0x20000070                Button_State
 .data.timer_bounce_anim.1
                0x20000090        0x1 CMakeFiles/OnBoardCtrl_FW.dir/Core/Src/freertos.c.obj
 .data.setup_blink_anim.0
                0x20000091        0x1 CMakeFiles/OnBoardCtrl_FW.dir/Core/Src/freertos.c.obj
 *fill*         0x20000092        0x2 
 .data.Font12   0x20000094        0x8 CMakeFiles/OnBoardCtrl_FW.dir/App/Common/Fonts/font12.c.obj
                0x20000094                Font12
 .data.Font24   0x2000009c        0x8 CMakeFiles/OnBoardCtrl_FW.dir/App/Common/Fonts/font24.c.obj
                0x2000009c                Font24
 .data.FontIcon16
                0x200000a4        0x8 CMakeFiles/OnBoardCtrl_FW.dir/App/Common/Fonts/fontIcon16.c.obj
                0x200000a4                FontIcon16
 *(.RamFunc)
 *(.RamFunc*)
                0x200000b0                        . = ALIGN (0x8)
 *fill*         0x200000ac        0x4 
                0x200000b0                        _edata = .

.igot.plt       0x200000b0        0x0 load address 0x0800f008
 .igot.plt      0x200000b0        0x0 C:/ST/STM32CubeCLT_1.18.0/GNU-tools-for-STM32/bin/../lib/gcc/arm-none-eabi/13.3.1/thumb/v7e-m+fp/hard/crtbegin.o
                0x200000b0                        . = ALIGN (0x4)

.bss            0x200000b0     0x33dc load address 0x0800f008
                0x200000b0                        _sbss = .
                0x200000b0                        __bss_start__ = _sbss
 *(.bss)
 .bss           0x200000b0       0x1c C:/ST/STM32CubeCLT_1.18.0/GNU-tools-for-STM32/bin/../lib/gcc/arm-none-eabi/13.3.1/thumb/v7e-m+fp/hard/crtbegin.o
 *(.bss*)
 .bss.__sf      0x200000cc      0x138 C:/ST/STM32CubeCLT_1.18.0/GNU-tools-for-STM32/bin/../lib/gcc/arm-none-eabi/13.3.1/../../../../arm-none-eabi/lib/thumb/v7e-m+fp/hard\libc_nano.a(libc_a-findfp.o)
                0x200000cc                __sf
 .bss.errno     0x20000204        0x4 C:/ST/STM32CubeCLT_1.18.0/GNU-tools-for-STM32/bin/../lib/gcc/arm-none-eabi/13.3.1/../../../../arm-none-eabi/lib/thumb/v7e-m+fp/hard\libc_nano.a(libc_a-reent.o)
                0x20000204                errno
 .bss.__lock___malloc_recursive_mutex
                0x20000208        0x1 C:/ST/STM32CubeCLT_1.18.0/GNU-tools-for-STM32/bin/../lib/gcc/arm-none-eabi/13.3.1/../../../../arm-none-eabi/lib/thumb/v7e-m+fp/hard\libc_nano.a(libc_a-lock.o)
                0x20000208                __lock___malloc_recursive_mutex
 *fill*         0x20000209        0x3 
 .bss.__malloc_sbrk_start
                0x2000020c        0x4 C:/ST/STM32CubeCLT_1.18.0/GNU-tools-for-STM32/bin/../lib/gcc/arm-none-eabi/13.3.1/../../../../arm-none-eabi/lib/thumb/v7e-m+fp/hard\libc_nano.a(libc_a-mallocr.o)
                0x2000020c                __malloc_sbrk_start
 .bss.__malloc_free_list
                0x20000210        0x4 C:/ST/STM32CubeCLT_1.18.0/GNU-tools-for-STM32/bin/../lib/gcc/arm-none-eabi/13.3.1/../../../../arm-none-eabi/lib/thumb/v7e-m+fp/hard\libc_nano.a(libc_a-mallocr.o)
                0x20000210                __malloc_free_list
 .bss.uwTick    0x20000214        0x4 cmake/stm32cubemx/CMakeFiles/STM32_Drivers.dir/__/__/Drivers/STM32L4xx_HAL_Driver/Src/stm32l4xx_hal.c.obj
                0x20000214                uwTick
 .bss.xQueueRegistry
                0x20000218       0x40 cmake/stm32cubemx/CMakeFiles/FreeRTOS.dir/__/__/Middlewares/Third_Party/FreeRTOS/Source/queue.c.obj
                0x20000218                xQueueRegistry
 .bss.pxCurrentTCB
                0x20000258        0x4 cmake/stm32cubemx/CMakeFiles/FreeRTOS.dir/__/__/Middlewares/Third_Party/FreeRTOS/Source/tasks.c.obj
                0x20000258                pxCurrentTCB
 .bss.pxReadyTasksLists
                0x2000025c      0x460 cmake/stm32cubemx/CMakeFiles/FreeRTOS.dir/__/__/Middlewares/Third_Party/FreeRTOS/Source/tasks.c.obj
 .bss.xDelayedTaskList1
                0x200006bc       0x14 cmake/stm32cubemx/CMakeFiles/FreeRTOS.dir/__/__/Middlewares/Third_Party/FreeRTOS/Source/tasks.c.obj
 .bss.xDelayedTaskList2
                0x200006d0       0x14 cmake/stm32cubemx/CMakeFiles/FreeRTOS.dir/__/__/Middlewares/Third_Party/FreeRTOS/Source/tasks.c.obj
 .bss.pxDelayedTaskList
                0x200006e4        0x4 cmake/stm32cubemx/CMakeFiles/FreeRTOS.dir/__/__/Middlewares/Third_Party/FreeRTOS/Source/tasks.c.obj
 .bss.pxOverflowDelayedTaskList
                0x200006e8        0x4 cmake/stm32cubemx/CMakeFiles/FreeRTOS.dir/__/__/Middlewares/Third_Party/FreeRTOS/Source/tasks.c.obj
 .bss.xPendingReadyList
                0x200006ec       0x14 cmake/stm32cubemx/CMakeFiles/FreeRTOS.dir/__/__/Middlewares/Third_Party/FreeRTOS/Source/tasks.c.obj
 .bss.xTasksWaitingTermination
                0x20000700       0x14 cmake/stm32cubemx/CMakeFiles/FreeRTOS.dir/__/__/Middlewares/Third_Party/FreeRTOS/Source/tasks.c.obj
 .bss.uxDeletedTasksWaitingCleanUp
                0x20000714        0x4 cmake/stm32cubemx/CMakeFiles/FreeRTOS.dir/__/__/Middlewares/Third_Party/FreeRTOS/Source/tasks.c.obj
 .bss.xSuspendedTaskList
                0x20000718       0x14 cmake/stm32cubemx/CMakeFiles/FreeRTOS.dir/__/__/Middlewares/Third_Party/FreeRTOS/Source/tasks.c.obj
 .bss.uxCurrentNumberOfTasks
                0x2000072c        0x4 cmake/stm32cubemx/CMakeFiles/FreeRTOS.dir/__/__/Middlewares/Third_Party/FreeRTOS/Source/tasks.c.obj
 .bss.xTickCount
                0x20000730        0x4 cmake/stm32cubemx/CMakeFiles/FreeRTOS.dir/__/__/Middlewares/Third_Party/FreeRTOS/Source/tasks.c.obj
 .bss.uxTopReadyPriority
                0x20000734        0x4 cmake/stm32cubemx/CMakeFiles/FreeRTOS.dir/__/__/Middlewares/Third_Party/FreeRTOS/Source/tasks.c.obj
 .bss.xSchedulerRunning
                0x20000738        0x4 cmake/stm32cubemx/CMakeFiles/FreeRTOS.dir/__/__/Middlewares/Third_Party/FreeRTOS/Source/tasks.c.obj
 .bss.xPendedTicks
                0x2000073c        0x4 cmake/stm32cubemx/CMakeFiles/FreeRTOS.dir/__/__/Middlewares/Third_Party/FreeRTOS/Source/tasks.c.obj
 .bss.xYieldPending
                0x20000740        0x4 cmake/stm32cubemx/CMakeFiles/FreeRTOS.dir/__/__/Middlewares/Third_Party/FreeRTOS/Source/tasks.c.obj
 .bss.xNumOfOverflows
                0x20000744        0x4 cmake/stm32cubemx/CMakeFiles/FreeRTOS.dir/__/__/Middlewares/Third_Party/FreeRTOS/Source/tasks.c.obj
 .bss.uxTaskNumber
                0x20000748        0x4 cmake/stm32cubemx/CMakeFiles/FreeRTOS.dir/__/__/Middlewares/Third_Party/FreeRTOS/Source/tasks.c.obj
 .bss.xNextTaskUnblockTime
                0x2000074c        0x4 cmake/stm32cubemx/CMakeFiles/FreeRTOS.dir/__/__/Middlewares/Third_Party/FreeRTOS/Source/tasks.c.obj
 .bss.xIdleTaskHandle
                0x20000750        0x4 cmake/stm32cubemx/CMakeFiles/FreeRTOS.dir/__/__/Middlewares/Third_Party/FreeRTOS/Source/tasks.c.obj
 .bss.uxSchedulerSuspended
                0x20000754        0x4 cmake/stm32cubemx/CMakeFiles/FreeRTOS.dir/__/__/Middlewares/Third_Party/FreeRTOS/Source/tasks.c.obj
 .bss.xActiveTimerList1
                0x20000758       0x14 cmake/stm32cubemx/CMakeFiles/FreeRTOS.dir/__/__/Middlewares/Third_Party/FreeRTOS/Source/timers.c.obj
 .bss.xActiveTimerList2
                0x2000076c       0x14 cmake/stm32cubemx/CMakeFiles/FreeRTOS.dir/__/__/Middlewares/Third_Party/FreeRTOS/Source/timers.c.obj
 .bss.pxCurrentTimerList
                0x20000780        0x4 cmake/stm32cubemx/CMakeFiles/FreeRTOS.dir/__/__/Middlewares/Third_Party/FreeRTOS/Source/timers.c.obj
 .bss.pxOverflowTimerList
                0x20000784        0x4 cmake/stm32cubemx/CMakeFiles/FreeRTOS.dir/__/__/Middlewares/Third_Party/FreeRTOS/Source/timers.c.obj
 .bss.xTimerQueue
                0x20000788        0x4 cmake/stm32cubemx/CMakeFiles/FreeRTOS.dir/__/__/Middlewares/Third_Party/FreeRTOS/Source/timers.c.obj
 .bss.xTimerTaskHandle
                0x2000078c        0x4 cmake/stm32cubemx/CMakeFiles/FreeRTOS.dir/__/__/Middlewares/Third_Party/FreeRTOS/Source/timers.c.obj
 .bss.xLastTime.2
                0x20000790        0x4 cmake/stm32cubemx/CMakeFiles/FreeRTOS.dir/__/__/Middlewares/Third_Party/FreeRTOS/Source/timers.c.obj
 .bss.ucStaticTimerQueueStorage.1
                0x20000794       0xa0 cmake/stm32cubemx/CMakeFiles/FreeRTOS.dir/__/__/Middlewares/Third_Party/FreeRTOS/Source/timers.c.obj
 .bss.xStaticTimerQueue.0
                0x20000834       0x50 cmake/stm32cubemx/CMakeFiles/FreeRTOS.dir/__/__/Middlewares/Third_Party/FreeRTOS/Source/timers.c.obj
 .bss.KernelState
                0x20000884        0x4 cmake/stm32cubemx/CMakeFiles/FreeRTOS.dir/__/__/Middlewares/Third_Party/FreeRTOS/Source/CMSIS_RTOS_V2/cmsis_os2.c.obj
 .bss.Idle_TCB.3
                0x20000888      0x1a0 cmake/stm32cubemx/CMakeFiles/FreeRTOS.dir/__/__/Middlewares/Third_Party/FreeRTOS/Source/CMSIS_RTOS_V2/cmsis_os2.c.obj
 .bss.Idle_Stack.2
                0x20000a28      0x200 cmake/stm32cubemx/CMakeFiles/FreeRTOS.dir/__/__/Middlewares/Third_Party/FreeRTOS/Source/CMSIS_RTOS_V2/cmsis_os2.c.obj
 .bss.Timer_TCB.1
                0x20000c28      0x1a0 cmake/stm32cubemx/CMakeFiles/FreeRTOS.dir/__/__/Middlewares/Third_Party/FreeRTOS/Source/CMSIS_RTOS_V2/cmsis_os2.c.obj
 .bss.Timer_Stack.0
                0x20000dc8      0x400 cmake/stm32cubemx/CMakeFiles/FreeRTOS.dir/__/__/Middlewares/Third_Party/FreeRTOS/Source/CMSIS_RTOS_V2/cmsis_os2.c.obj
 .bss.ucHeap    0x200011c8     0x2000 cmake/stm32cubemx/CMakeFiles/FreeRTOS.dir/__/__/Middlewares/Third_Party/FreeRTOS/Source/portable/MemMang/heap_4.c.obj
 .bss.xStart    0x200031c8        0x8 cmake/stm32cubemx/CMakeFiles/FreeRTOS.dir/__/__/Middlewares/Third_Party/FreeRTOS/Source/portable/MemMang/heap_4.c.obj
 .bss.pxEnd     0x200031d0        0x4 cmake/stm32cubemx/CMakeFiles/FreeRTOS.dir/__/__/Middlewares/Third_Party/FreeRTOS/Source/portable/MemMang/heap_4.c.obj
 .bss.xFreeBytesRemaining
                0x200031d4        0x4 cmake/stm32cubemx/CMakeFiles/FreeRTOS.dir/__/__/Middlewares/Third_Party/FreeRTOS/Source/portable/MemMang/heap_4.c.obj
 .bss.xMinimumEverFreeBytesRemaining
                0x200031d8        0x4 cmake/stm32cubemx/CMakeFiles/FreeRTOS.dir/__/__/Middlewares/Third_Party/FreeRTOS/Source/portable/MemMang/heap_4.c.obj
 .bss.xNumberOfSuccessfulAllocations
                0x200031dc        0x4 cmake/stm32cubemx/CMakeFiles/FreeRTOS.dir/__/__/Middlewares/Third_Party/FreeRTOS/Source/portable/MemMang/heap_4.c.obj
 .bss.xNumberOfSuccessfulFrees
                0x200031e0        0x4 cmake/stm32cubemx/CMakeFiles/FreeRTOS.dir/__/__/Middlewares/Third_Party/FreeRTOS/Source/portable/MemMang/heap_4.c.obj
 .bss.xBlockAllocatedBit
                0x200031e4        0x4 cmake/stm32cubemx/CMakeFiles/FreeRTOS.dir/__/__/Middlewares/Third_Party/FreeRTOS/Source/portable/MemMang/heap_4.c.obj
 .bss.ucMaxSysCallPriority
                0x200031e8        0x1 cmake/stm32cubemx/CMakeFiles/FreeRTOS.dir/__/__/Middlewares/Third_Party/FreeRTOS/Source/portable/GCC/ARM_CM4F/port.c.obj
 *fill*         0x200031e9        0x3 
 .bss.ulMaxPRIGROUPValue
                0x200031ec        0x4 cmake/stm32cubemx/CMakeFiles/FreeRTOS.dir/__/__/Middlewares/Third_Party/FreeRTOS/Source/portable/GCC/ARM_CM4F/port.c.obj
 .bss.hadc1     0x200031f0       0x64 CMakeFiles/OnBoardCtrl_FW.dir/Core/Src/main.c.obj
                0x200031f0                hadc1
 .bss.hadc2     0x20003254       0x64 CMakeFiles/OnBoardCtrl_FW.dir/Core/Src/main.c.obj
                0x20003254                hadc2
 .bss.hspi1     0x200032b8       0x64 CMakeFiles/OnBoardCtrl_FW.dir/Core/Src/main.c.obj
                0x200032b8                hspi1
 .bss.htim2     0x2000331c       0x4c CMakeFiles/OnBoardCtrl_FW.dir/Core/Src/main.c.obj
                0x2000331c                htim2
 .bss.huart1    0x20003368       0x88 CMakeFiles/OnBoardCtrl_FW.dir/Core/Src/main.c.obj
                0x20003368                huart1
 .bss.OneSecondTaskHandle
                0x200033f0        0x4 CMakeFiles/OnBoardCtrl_FW.dir/Core/Src/freertos.c.obj
                0x200033f0                OneSecondTaskHandle
 .bss.AdcTaskHandle
                0x200033f4        0x4 CMakeFiles/OnBoardCtrl_FW.dir/Core/Src/freertos.c.obj
                0x200033f4                AdcTaskHandle
 .bss.DisplayTaskHandle
                0x200033f8        0x4 CMakeFiles/OnBoardCtrl_FW.dir/Core/Src/freertos.c.obj
                0x200033f8                DisplayTaskHandle
 .bss.ButtonTaskHandle
                0x200033fc        0x4 CMakeFiles/OnBoardCtrl_FW.dir/Core/Src/freertos.c.obj
                0x200033fc                ButtonTaskHandle
 .bss.MainTimerHandle
                0x20003400        0x4 CMakeFiles/OnBoardCtrl_FW.dir/Core/Src/freertos.c.obj
                0x20003400                MainTimerHandle
 .bss.MainStatusEventHandle